Archive member included to satisfy reference by file (symbol)

c:/program files (x86)/gnu arm embedded toolchain/10 2021.10/bin/../lib/gcc/arm-none-eabi/10.3.1/../../../../arm-none-eabi/lib/thumb/v7e-m+fp/hard\libc.a(lib_a-exit.o)
                              c:/program files (x86)/gnu arm embedded toolchain/10 2021.10/bin/../lib/gcc/arm-none-eabi/10.3.1/../../../../arm-none-eabi/lib/thumb/v7e-m+fp/hard/crt0.o (exit)
c:/program files (x86)/gnu arm embedded toolchain/10 2021.10/bin/../lib/gcc/arm-none-eabi/10.3.1/../../../../arm-none-eabi/lib/thumb/v7e-m+fp/hard\libc.a(lib_a-impure.o)
                              c:/program files (x86)/gnu arm embedded toolchain/10 2021.10/bin/../lib/gcc/arm-none-eabi/10.3.1/../../../../arm-none-eabi/lib/thumb/v7e-m+fp/hard\libc.a(lib_a-exit.o) (_global_impure_ptr)
c:/program files (x86)/gnu arm embedded toolchain/10 2021.10/bin/../lib/gcc/arm-none-eabi/10.3.1/../../../../arm-none-eabi/lib/thumb/v7e-m+fp/hard\libc.a(lib_a-init.o)
                              c:/program files (x86)/gnu arm embedded toolchain/10 2021.10/bin/../lib/gcc/arm-none-eabi/10.3.1/../../../../arm-none-eabi/lib/thumb/v7e-m+fp/hard/crt0.o (__libc_init_array)
c:/program files (x86)/gnu arm embedded toolchain/10 2021.10/bin/../lib/gcc/arm-none-eabi/10.3.1/../../../../arm-none-eabi/lib/thumb/v7e-m+fp/hard\libc.a(lib_a-memset.o)
                              c:/program files (x86)/gnu arm embedded toolchain/10 2021.10/bin/../lib/gcc/arm-none-eabi/10.3.1/../../../../arm-none-eabi/lib/thumb/v7e-m+fp/hard/crt0.o (memset)
c:/program files (x86)/gnu arm embedded toolchain/10 2021.10/bin/../lib/gcc/arm-none-eabi/10.3.1/../../../../arm-none-eabi/lib/thumb/v7e-m+fp/hard\libc.a(lib_a-__call_atexit.o)
                              c:/program files (x86)/gnu arm embedded toolchain/10 2021.10/bin/../lib/gcc/arm-none-eabi/10.3.1/../../../../arm-none-eabi/lib/thumb/v7e-m+fp/hard\libc.a(lib_a-exit.o) (__call_exitprocs)
c:/program files (x86)/gnu arm embedded toolchain/10 2021.10/bin/../lib/gcc/arm-none-eabi/10.3.1/../../../../arm-none-eabi/lib/thumb/v7e-m+fp/hard\libc.a(lib_a-atexit.o)
                              c:/program files (x86)/gnu arm embedded toolchain/10 2021.10/bin/../lib/gcc/arm-none-eabi/10.3.1/../../../../arm-none-eabi/lib/thumb/v7e-m+fp/hard\libc.a(lib_a-__call_atexit.o) (atexit)
c:/program files (x86)/gnu arm embedded toolchain/10 2021.10/bin/../lib/gcc/arm-none-eabi/10.3.1/../../../../arm-none-eabi/lib/thumb/v7e-m+fp/hard\libc.a(lib_a-fini.o)
                              c:/program files (x86)/gnu arm embedded toolchain/10 2021.10/bin/../lib/gcc/arm-none-eabi/10.3.1/../../../../arm-none-eabi/lib/thumb/v7e-m+fp/hard\libc.a(lib_a-__call_atexit.o) (__libc_fini_array)
c:/program files (x86)/gnu arm embedded toolchain/10 2021.10/bin/../lib/gcc/arm-none-eabi/10.3.1/../../../../arm-none-eabi/lib/thumb/v7e-m+fp/hard\libc.a(lib_a-lock.o)
                              c:/program files (x86)/gnu arm embedded toolchain/10 2021.10/bin/../lib/gcc/arm-none-eabi/10.3.1/../../../../arm-none-eabi/lib/thumb/v7e-m+fp/hard\libc.a(lib_a-__call_atexit.o) (__retarget_lock_acquire_recursive)
c:/program files (x86)/gnu arm embedded toolchain/10 2021.10/bin/../lib/gcc/arm-none-eabi/10.3.1/../../../../arm-none-eabi/lib/thumb/v7e-m+fp/hard\libc.a(lib_a-__atexit.o)
                              c:/program files (x86)/gnu arm embedded toolchain/10 2021.10/bin/../lib/gcc/arm-none-eabi/10.3.1/../../../../arm-none-eabi/lib/thumb/v7e-m+fp/hard\libc.a(lib_a-atexit.o) (__register_exitproc)
c:/program files (x86)/gnu arm embedded toolchain/10 2021.10/bin/../lib/gcc/arm-none-eabi/10.3.1/../../../../arm-none-eabi/lib/thumb/v7e-m+fp/hard\libnosys.a(_exit.o)
                              c:/program files (x86)/gnu arm embedded toolchain/10 2021.10/bin/../lib/gcc/arm-none-eabi/10.3.1/../../../../arm-none-eabi/lib/thumb/v7e-m+fp/hard\libc.a(lib_a-exit.o) (_exit)
c:/program files (x86)/gnu arm embedded toolchain/10 2021.10/bin/../lib/gcc/arm-none-eabi/10.3.1/../../../../arm-none-eabi/lib/thumb/v7e-m+fp/hard\libc_nano.a(lib_a-memcmp.o)
                              _build/build-feather_nrf52840_sense/flash_nrf5x.o (memcmp)
c:/program files (x86)/gnu arm embedded toolchain/10 2021.10/bin/../lib/gcc/arm-none-eabi/10.3.1/../../../../arm-none-eabi/lib/thumb/v7e-m+fp/hard\libc_nano.a(lib_a-memcpy-stub.o)
                              _build/build-feather_nrf52840_sense/dfu_ble_svc.o (memcpy)
c:/program files (x86)/gnu arm embedded toolchain/10 2021.10/bin/../lib/gcc/arm-none-eabi/10.3.1/../../../../arm-none-eabi/lib/thumb/v7e-m+fp/hard\libc_nano.a(lib_a-memmove.o)
                              _build/build-feather_nrf52840_sense/msc_device.o (memmove)
c:/program files (x86)/gnu arm embedded toolchain/10 2021.10/bin/../lib/gcc/arm-none-eabi/10.3.1/../../../../arm-none-eabi/lib/thumb/v7e-m+fp/hard\libc_nano.a(lib_a-strcat.o)
                              _build/build-feather_nrf52840_sense/ghostfat.o (strcat)
[...]
Memory Configuration

Name             Origin             Length             Attributes
FLASH            0x000f4000         0x00009800         xr
BOOTLOADER_CONFIG 0x000fd800         0x00000800         r
MBR_PARAMS_PAGE  0x000fe000         0x00001000         rw
BOOTLOADER_SETTINGS 0x000ff000         0x00001000         rw
RAM              0x20008000         0x00038000         xrw
DBL_RESET        0x20007f7c         0x00000004         xrw
NOINIT           0x20007f80         0x00000080         xrw
UICR_BOOTLOADER  0x10001014         0x00000004         r
UICR_MBR_PARAM_PAGE 0x10001018         0x00000004         r
*default*        0x00000000         0xffffffff

Linker script and memory map

LOAD c:/program files (x86)/gnu arm embedded toolchain/10 2021.10/bin/../lib/gcc/arm-none-eabi/10.3.1/thumb/v7e-m+fp/hard/crti.o
LOAD c:/program files (x86)/gnu arm embedded toolchain/10 2021.10/bin/../lib/gcc/arm-none-eabi/10.3.1/thumb/v7e-m+fp/hard/crtbegin.o
LOAD c:/program files (x86)/gnu arm embedded toolchain/10 2021.10/bin/../lib/gcc/arm-none-eabi/10.3.1/../../../../arm-none-eabi/lib/thumb/v7e-m+fp/hard/crt0.o
START GROUP
LOAD c:/program files (x86)/gnu arm embedded toolchain/10 2021.10/bin/../lib/gcc/arm-none-eabi/10.3.1/thumb/v7e-m+fp/hard\libgcc.a
LOAD c:/program files (x86)/gnu arm embedded toolchain/10 2021.10/bin/../lib/gcc/arm-none-eabi/10.3.1/../../../../arm-none-eabi/lib/thumb/v7e-m+fp/hard\libc.a
LOAD c:/program files (x86)/gnu arm embedded toolchain/10 2021.10/bin/../lib/gcc/arm-none-eabi/10.3.1/../../../../arm-none-eabi/lib/thumb/v7e-m+fp/hard\libnosys.a
END GROUP

.fs_data_out    0x00000000        0x0
                [!provide]                PROVIDE (__start_fs_data = .)
 *(fs_data)
                [!provide]                PROVIDE (__stop_fs_data = .)

.bootloaderConfig
                0x000fd800       0x58
 *(.bootloaderConfig)
 .bootloaderConfig
                0x000fd800       0x58 _build/build-feather_nrf52840_sense/pinconfig.o
                0x000fd800                bootloaderConfig

.bootloaderSettings
                0x000ff000     0x1000
 .bootloaderSettings
                0x000ff000     0x1000 _build/build-feather_nrf52840_sense/bootloader_settings.o
                0x000ff000                m_boot_settings

.uicrBootStartAddress
                0x10001014        0x4
 *(.uicrBootStartAddress)
 .uicrBootStartAddress
                0x10001014        0x4 _build/build-feather_nrf52840_sense/bootloader_settings.o
                0x10001014                m_uicr_bootloader_start_address

.mbrParamsPage

.uicrMbrParamsPageAddress
                0x10001018        0x4
 *(.uicrMbrParamsPageAddress)
 .uicrMbrParamsPageAddress
                0x10001018        0x4 _build/build-feather_nrf52840_sense/bootloader_settings.o
                0x10001018                m_uicr_mbr_params_page_address

.dbl_reset

.noinit         0x20007f80       0x3e
 .noinit        0x20007f80       0x3e _build/build-feather_nrf52840_sense/dfu_ble_svc.o

.text           0x000f4000     0x7c30
 *(.isr_vector)
 .isr_vector    0x000f4000      0x200 _build/build-feather_nrf52840_sense/gcc_startup_nrf52840.o
                0x000f4000                __isr_vector
 *(.text*)
 .text          0x000f4200       0x40 c:/program files (x86)/gnu arm embedded toolchain/10 2021.10/bin/../lib/gcc/arm-none-eabi/10.3.1/thumb/v7e-m+fp/hard/crtbegin.o
 .text          0x000f4240       0x7c c:/program files (x86)/gnu arm embedded toolchain/10 2021.10/bin/../lib/gcc/arm-none-eabi/10.3.1/../../../../arm-none-eabi/lib/thumb/v7e-m+fp/hard/crt0.o
                0x000f4240                _stack_init
                0x000f4248                _start
                0x000f4248                _mainCRTStartup
 .text.exit     0x000f42bc       0x20 c:/program files (x86)/gnu arm embedded toolchain/10 2021.10/bin/../lib/gcc/arm-none-eabi/10.3.1/../../../../arm-none-eabi/lib/thumb/v7e-m+fp/hard\libc.a(lib_a-exit.o)
                0x000f42bc                exit
 .text.__libc_init_array
                0x000f42dc       0x48 c:/program files (x86)/gnu arm embedded toolchain/10 2021.10/bin/../lib/gcc/arm-none-eabi/10.3.1/../../../../arm-none-eabi/lib/thumb/v7e-m+fp/hard\libc.a(lib_a-init.o)
                0x000f42dc                __libc_init_array
 .text.memset   0x000f4324       0xa4 c:/program files (x86)/gnu arm embedded toolchain/10 2021.10/bin/../lib/gcc/arm-none-eabi/10.3.1/../../../../arm-none-eabi/lib/thumb/v7e-m+fp/hard\libc.a(lib_a-memset.o)
                0x000f4324                memset
 .text.startup.register_fini
                0x000f43c8       0x14 c:/program files (x86)/gnu arm embedded toolchain/10 2021.10/bin/../lib/gcc/arm-none-eabi/10.3.1/../../../../arm-none-eabi/lib/thumb/v7e-m+fp/hard\libc.a(lib_a-__call_atexit.o)
 .text.__call_exitprocs
                0x000f43dc       0xcc c:/program files (x86)/gnu arm embedded toolchain/10 2021.10/bin/../lib/gcc/arm-none-eabi/10.3.1/../../../../arm-none-eabi/lib/thumb/v7e-m+fp/hard\libc.a(lib_a-__call_atexit.o)
                0x000f43dc                __call_exitprocs
 .text.atexit   0x000f44a8        0xc c:/program files (x86)/gnu arm embedded toolchain/10 2021.10/bin/../lib/gcc/arm-none-eabi/10.3.1/../../../../arm-none-eabi/lib/thumb/v7e-m+fp/hard\libc.a(lib_a-atexit.o)
                0x000f44a8                atexit
 .text.__libc_fini_array
                0x000f44b4       0x2c c:/program files (x86)/gnu arm embedded toolchain/10 2021.10/bin/../lib/gcc/arm-none-eabi/10.3.1/../../../../arm-none-eabi/lib/thumb/v7e-m+fp/hard\libc.a(lib_a-fini.o)
                0x000f44b4                __libc_fini_array
 .text.__retarget_lock_acquire_recursive
                0x000f44e0        0x4 c:/program files (x86)/gnu arm embedded toolchain/10 2021.10/bin/../lib/gcc/arm-none-eabi/10.3.1/../../../../arm-none-eabi/lib/thumb/v7e-m+fp/hard\libc.a(lib_a-lock.o)
                0x000f44e0                __retarget_lock_acquire_recursive
 .text.__retarget_lock_release_recursive
                0x000f44e4        0x4 c:/program files (x86)/gnu arm embedded toolchain/10 2021.10/bin/../lib/gcc/arm-none-eabi/10.3.1/../../../../arm-none-eabi/lib/thumb/v7e-m+fp/hard\libc.a(lib_a-lock.o)
                0x000f44e4                __retarget_lock_release_recursive
 .text.__register_exitproc
                0x000f44e8       0x8c c:/program files (x86)/gnu arm embedded toolchain/10 2021.10/bin/../lib/gcc/arm-none-eabi/10.3.1/../../../../arm-none-eabi/lib/thumb/v7e-m+fp/hard\libc.a(lib_a-__atexit.o)
                0x000f44e8                __register_exitproc
 .text._exit    0x000f4574        0x4 c:/program files (x86)/gnu arm embedded toolchain/10 2021.10/bin/../lib/gcc/arm-none-eabi/10.3.1/../../../../arm-none-eabi/lib/thumb/v7e-m+fp/hard\libnosys.a(_exit.o)
                0x000f4574                _exit
 .text.C_SVC_Handler
                0x000f4578       0x4c _build/build-feather_nrf52840_sense/dfu_ble_svc.o
                0x000f4578                C_SVC_Handler
 .text.SVC_Handler
                0x000f45c4       0x24 _build/build-feather_nrf52840_sense/dfu_ble_svc.o
                0x000f45c4                SVC_Handler
 .text.dfu_ble_peer_data_get
                0x000f45e8       0x40 _build/build-feather_nrf52840_sense/dfu_ble_svc.o
                0x000f45e8                dfu_ble_peer_data_get
 .text.dfu_init_prevalidate
                0x000f4628       0x74 _build/build-feather_nrf52840_sense/dfu_init.o
                0x000f4628                dfu_init_prevalidate
 .text.dfu_init_postvalidate
                0x000f469c       0x1c _build/build-feather_nrf52840_sense/dfu_init.o
                0x000f469c                dfu_init_postvalidate
 .text.flash_nrf5x_flush
                0x000f46b8       0x3c _build/build-feather_nrf52840_sense/flash_nrf5x.o
                0x000f46b8                flash_nrf5x_flush
 .text.flash_nrf5x_write
                0x000f46f4       0x50 _build/build-feather_nrf52840_sense/flash_nrf5x.o
                0x000f46f4                flash_nrf5x_write
 .text.NVIC_SystemReset
                0x000f4744       0x24 _build/build-feather_nrf52840_sense/main.o
 .text.sd_evt_get
                0x000f4768        0x4 _build/build-feather_nrf52840_sense/main.o
 .text.sd_softdevice_enable
                0x000f476c        0x4 _build/build-feather_nrf52840_sense/main.o
 .text.sd_softdevice_disable
                0x000f4770        0x4 _build/build-feather_nrf52840_sense/main.o
 .text.sd_softdevice_is_enabled
                0x000f4774        0x4 _build/build-feather_nrf52840_sense/main.o
 .text.sd_softdevice_vector_table_base_set
                0x000f4778        0x4 _build/build-feather_nrf52840_sense/main.o
 .text.sd_mbr_command
                0x000f477c        0x4 _build/build-feather_nrf52840_sense/main.o
 .text.sd_ble_enable
                0x000f4780        0x4 _build/build-feather_nrf52840_sense/main.o
 .text.sd_ble_cfg_set
                0x000f4784        0x4 _build/build-feather_nrf52840_sense/main.o
 .text.sd_ble_evt_get
                0x000f4788        0x4 _build/build-feather_nrf52840_sense/main.o
 .text.mbr_init_sd
                0x000f478c       0x1a _build/build-feather_nrf52840_sense/main.o
 .text.disable_softdevice
                0x000f47a6       0x22 _build/build-feather_nrf52840_sense/main.o
 .text.app_error_fault_handler
                0x000f47c8       0x14 _build/build-feather_nrf52840_sense/main.o
                0x000f47c8                app_error_fault_handler
 .text.is_ota   0x000f47dc        0xc _build/build-feather_nrf52840_sense/main.o
                0x000f47dc                is_ota
 .text.startup.main
                0x000f47e8      0x324 _build/build-feather_nrf52840_sense/main.o
                0x000f47e8                main
 .text.proc_ble
                0x000f4b0c       0x50 _build/build-feather_nrf52840_sense/main.o
                0x000f4b0c                proc_ble
 .text.proc_soc
                0x000f4b5c       0x38 _build/build-feather_nrf52840_sense/main.o
                0x000f4b5c                proc_soc
 .text.proc_sd_task
                0x000f4b94       0x14 _build/build-feather_nrf52840_sense/main.o
                0x000f4b94                proc_sd_task
 .text.SWI2_EGU2_IRQHandler
                0x000f4ba8       0x10 _build/build-feather_nrf52840_sense/main.o
                0x000f4ba8                SWI2_EGU2_IRQHandler
 .text.button_init
                0x000f4bb8       0x24 _build/build-feather_nrf52840_sense/boards.o
                0x000f4bb8                button_init
 .text.button_pressed
                0x000f4bdc       0x24 _build/build-feather_nrf52840_sense/boards.o
                0x000f4bdc                button_pressed
 .text.board_init2
                0x000f4c00        0x2 _build/build-feather_nrf52840_sense/boards.o
                0x000f4c00                board_init2
 .text.board_teardown2
                0x000f4c02        0x2 _build/build-feather_nrf52840_sense/boards.o
                0x000f4c02                board_teardown2
 .text.pwm_teardown
                0x000f4c04       0x3e _build/build-feather_nrf52840_sense/boards.o
                0x000f4c04                pwm_teardown
 *fill*         0x000f4c42        0x2 
 .text.led_pwm_init
                0x000f4c44       0x7c _build/build-feather_nrf52840_sense/boards.o
                0x000f4c44                led_pwm_init
 .text.led_pwm_teardown
                0x000f4cc0        0xc _build/build-feather_nrf52840_sense/boards.o
                0x000f4cc0                led_pwm_teardown
 .text.led_pwm_duty_cycle
                0x000f4ccc       0x28 _build/build-feather_nrf52840_sense/boards.o
                0x000f4ccc                led_pwm_duty_cycle
 .text.led_tick
                0x000f4cf4       0x6c _build/build-feather_nrf52840_sense/boards.o
                0x000f4cf4                led_tick
 .text.SysTick_Handler
                0x000f4d60       0x10 _build/build-feather_nrf52840_sense/boards.o
                0x000f4d60                SysTick_Handler
 .text.neopixel_init
                0x000f4d70       0x44 _build/build-feather_nrf52840_sense/boards.o
                0x000f4d70                neopixel_init
 .text.board_init
                0x000f4db4       0x94 _build/build-feather_nrf52840_sense/boards.o
                0x000f4db4                board_init
 .text.neopixel_write
                0x000f4e48       0xa8 _build/build-feather_nrf52840_sense/boards.o
                0x000f4e48                neopixel_write
 .text.led_state
                0x000f4ef0       0xa4 _build/build-feather_nrf52840_sense/boards.o
                0x000f4ef0                led_state
 .text.neopixel_teardown
                0x000f4f94       0x40 _build/build-feather_nrf52840_sense/boards.o
                0x000f4f94                neopixel_teardown
 .text.board_teardown
                0x000f4fd4       0x70 _build/build-feather_nrf52840_sense/boards.o
                0x000f4fd4                board_teardown
 .text.nrf_power_event_get_and_clear.constprop.0
                0x000f5044       0x20 _build/build-feather_nrf52840_sense/nrfx_power.o
 .text.nrfx_power_init
                0x000f5064       0x50 _build/build-feather_nrf52840_sense/nrfx_power.o
                0x000f5064                nrfx_power_init
 .text.nrfx_power_usbevt_init
                0x000f50b4        0xc _build/build-feather_nrf52840_sense/nrfx_power.o
                0x000f50b4                nrfx_power_usbevt_init
 .text.nrfx_power_usbevt_enable
                0x000f50c0        0xe _build/build-feather_nrf52840_sense/nrfx_power.o
                0x000f50c0                nrfx_power_usbevt_enable
 *fill*         0x000f50ce        0x2 
 .text.POWER_CLOCK_IRQHandler
                0x000f50d0       0xa0 _build/build-feather_nrf52840_sense/nrfx_power.o
                0x000f50d0                POWER_CLOCK_IRQHandler
 .text.nvmc_word_write
                0x000f5170       0x18 _build/build-feather_nrf52840_sense/nrfx_nvmc.o
 .text.nrfx_nvmc_page_erase
                0x000f5188       0x40 _build/build-feather_nrf52840_sense/nrfx_nvmc.o
                0x000f5188                nrfx_nvmc_page_erase
 .text.nrfx_nvmc_words_write
                0x000f51c8       0x34 _build/build-feather_nrf52840_sense/nrfx_nvmc.o
                0x000f51c8                nrfx_nvmc_words_write
 .text.NVIC_SystemReset
                0x000f51fc       0x24 _build/build-feather_nrf52840_sense/system_nrf52840.o
 .text.errata_98
                0x000f5220       0x24 _build/build-feather_nrf52840_sense/system_nrf52840.o
 .text.SystemInit
                0x000f5244      0x1f8 _build/build-feather_nrf52840_sense/system_nrf52840.o
                0x000f5244                SystemInit
 .text.sd_softdevice_vector_table_base_set
                0x000f543c        0x4 _build/build-feather_nrf52840_sense/bootloader.o
 .text.sd_mbr_command
                0x000f5440        0x4 _build/build-feather_nrf52840_sense/bootloader.o
 .text.pstorage_callback_handler
                0x000f5444       0x20 _build/build-feather_nrf52840_sense/bootloader.o
 .text.bootloader_settings_save.constprop.0
                0x000f5464       0x5c _build/build-feather_nrf52840_sense/bootloader.o
 .text.wait_for_events
                0x000f54c0       0x58 _build/build-feather_nrf52840_sense/bootloader.o
 .text.bootloader_app_is_valid
                0x000f5518       0x54 _build/build-feather_nrf52840_sense/bootloader.o
                0x000f5518                bootloader_app_is_valid
 .text.bootloader_dfu_update_process
                0x000f556c      0x10c _build/build-feather_nrf52840_sense/bootloader.o
                0x000f556c                bootloader_dfu_update_process
 .text.dfu_startup_timer_handler
                0x000f5678       0x3c _build/build-feather_nrf52840_sense/bootloader.o
 .text.bootloader_init
                0x000f56b4       0x30 _build/build-feather_nrf52840_sense/bootloader.o
                0x000f56b4                bootloader_init
 .text.bootloader_dfu_start
                0x000f56e4       0x78 _build/build-feather_nrf52840_sense/bootloader.o
                0x000f56e4                bootloader_dfu_start
 .text.bootloader_app_start
                0x000f575c       0x58 _build/build-feather_nrf52840_sense/bootloader.o
                0x000f575c                bootloader_app_start
 .text.bootloader_dfu_sd_in_progress
                0x000f57b4       0x24 _build/build-feather_nrf52840_sense/bootloader.o
                0x000f57b4                bootloader_dfu_sd_in_progress
 .text.bootloader_dfu_sd_update_continue
                0x000f57d8       0x4c _build/build-feather_nrf52840_sense/bootloader.o
                0x000f57d8                bootloader_dfu_sd_update_continue
 .text.bootloader_dfu_sd_update_finalize
                0x000f5824       0x2c _build/build-feather_nrf52840_sense/bootloader.o
                0x000f5824                bootloader_dfu_sd_update_finalize
 .text.bootloader_settings_get
                0x000f5850       0x30 _build/build-feather_nrf52840_sense/bootloader.o
                0x000f5850                bootloader_settings_get
 .text.bootloader_util_settings_get
                0x000f5880        0xc _build/build-feather_nrf52840_sense/bootloader_settings.o
                0x000f5880                bootloader_util_settings_get
 .text.bootloader_util_reset
                0x000f588c       0x3c _build/build-feather_nrf52840_sense/bootloader_util.o
 .text.bootloader_util_app_start
                0x000f58c8        0x4 _build/build-feather_nrf52840_sense/bootloader_util.o
                0x000f58c8                bootloader_util_app_start
 .text.rpc_transport_event_handler
                0x000f58cc       0x84 _build/build-feather_nrf52840_sense/dfu_transport_serial.o
                0x000f58cc                rpc_transport_event_handler
 .text.dfu_cb_handler
                0x000f5950        0xa _build/build-feather_nrf52840_sense/dfu_transport_serial.o
 *fill*         0x000f595a        0x2 
 .text.data_queue_element_free
                0x000f595c       0x38 _build/build-feather_nrf52840_sense/dfu_transport_serial.o
 .text.process_dfu_packet
                0x000f5994       0x90 _build/build-feather_nrf52840_sense/dfu_transport_serial.o
 .text.dfu_transport_serial_update_start
                0x000f5a24       0x48 _build/build-feather_nrf52840_sense/dfu_transport_serial.o
                0x000f5a24                dfu_transport_serial_update_start
 .text.dfu_transport_serial_close
                0x000f5a6c       0x22 _build/build-feather_nrf52840_sense/dfu_transport_serial.o
                0x000f5a6c                dfu_transport_serial_close
 .text.uint32_decode
                0x000f5a8e        0x4 _build/build-feather_nrf52840_sense/dfu_transport_ble.o
 .text.sd_ble_gap_addr_set
                0x000f5a92        0x4 _build/build-feather_nrf52840_sense/dfu_transport_ble.o
 .text.sd_ble_gap_addr_get
                0x000f5a96        0x4 _build/build-feather_nrf52840_sense/dfu_transport_ble.o
 .text.sd_ble_gap_whitelist_set
                0x000f5a9a        0x4 _build/build-feather_nrf52840_sense/dfu_transport_ble.o
 .text.sd_ble_gap_device_identities_set
                0x000f5a9e        0x4 _build/build-feather_nrf52840_sense/dfu_transport_ble.o
 .text.sd_ble_gap_adv_set_configure
                0x000f5aa2        0x4 _build/build-feather_nrf52840_sense/dfu_transport_ble.o
 .text.sd_ble_gap_adv_start
                0x000f5aa6        0x4 _build/build-feather_nrf52840_sense/dfu_transport_ble.o
 .text.sd_ble_gap_adv_stop
                0x000f5aaa        0x4 _build/build-feather_nrf52840_sense/dfu_transport_ble.o
 .text.sd_ble_gap_disconnect
                0x000f5aae        0x4 _build/build-feather_nrf52840_sense/dfu_transport_ble.o
 .text.sd_ble_gap_tx_power_set
                0x000f5ab2        0x4 _build/build-feather_nrf52840_sense/dfu_transport_ble.o
 .text.sd_ble_gap_ppcp_set
                0x000f5ab6        0x4 _build/build-feather_nrf52840_sense/dfu_transport_ble.o
 .text.sd_ble_gap_device_name_set
                0x000f5aba        0x4 _build/build-feather_nrf52840_sense/dfu_transport_ble.o
 .text.sd_ble_gap_sec_params_reply
                0x000f5abe        0x4 _build/build-feather_nrf52840_sense/dfu_transport_ble.o
 .text.sd_ble_gap_sec_info_reply
                0x000f5ac2        0x4 _build/build-feather_nrf52840_sense/dfu_transport_ble.o
 .text.sd_ble_gap_phy_update
                0x000f5ac6        0x4 _build/build-feather_nrf52840_sense/dfu_transport_ble.o
 .text.sd_ble_gap_data_length_update
                0x000f5aca        0x4 _build/build-feather_nrf52840_sense/dfu_transport_ble.o
 .text.sd_ble_gatts_service_changed
                0x000f5ace        0x4 _build/build-feather_nrf52840_sense/dfu_transport_ble.o
 .text.sd_ble_gatts_rw_authorize_reply
                0x000f5ad2        0x4 _build/build-feather_nrf52840_sense/dfu_transport_ble.o
 .text.sd_ble_gatts_sys_attr_set
                0x000f5ad6        0x4 _build/build-feather_nrf52840_sense/dfu_transport_ble.o
 .text.sd_ble_gatts_sys_attr_get
                0x000f5ada        0x4 _build/build-feather_nrf52840_sense/dfu_transport_ble.o
 .text.sd_ble_gatts_exchange_mtu_reply
                0x000f5ade        0x4 _build/build-feather_nrf52840_sense/dfu_transport_ble.o
 .text.sd_ble_uuid_encode
                0x000f5ae2        0x4 _build/build-feather_nrf52840_sense/dfu_transport_ble.o
 .text.sd_ble_user_mem_reply
                0x000f5ae6        0x4 _build/build-feather_nrf52840_sense/dfu_transport_ble.o
 .text.nrf_err_code_translate
                0x000f5aea       0x34 _build/build-feather_nrf52840_sense/dfu_transport_ble.o
 .text.service_error_handler
                0x000f5b1e        0x4 _build/build-feather_nrf52840_sense/dfu_transport_ble.o
 .text.dfu_error_notify
                0x000f5b22       0x20 _build/build-feather_nrf52840_sense/dfu_transport_ble.o
 *fill*         0x000f5b42        0x2 
 .text.dfu_cb_handler
                0x000f5b44       0x68 _build/build-feather_nrf52840_sense/dfu_transport_ble.o
 .text.advertising_add.constprop.0
                0x000f5bac       0x30 _build/build-feather_nrf52840_sense/dfu_transport_ble.o
 .text.advertising_start
                0x000f5bdc      0x16c _build/build-feather_nrf52840_sense/dfu_transport_ble.o
 .text.ble_evt_dispatch
                0x000f5d48      0x2d4 _build/build-feather_nrf52840_sense/dfu_transport_ble.o
                0x000f5d48                ble_evt_dispatch
 .text.dfu_transport_ble_update_start
                0x000f601c      0x154 _build/build-feather_nrf52840_sense/dfu_transport_ble.o
                0x000f601c                dfu_transport_ble_update_start
 .text.dfu_transport_ble_close
                0x000f6170       0x50 _build/build-feather_nrf52840_sense/dfu_transport_ble.o
                0x000f6170                dfu_transport_ble_close
 .text.on_dfu_evt
                0x000f61c0      0x268 _build/build-feather_nrf52840_sense/dfu_transport_ble.o
 .text.sd_mbr_command
                0x000f6428        0x4 _build/build-feather_nrf52840_sense/dfu_single_bank.o
 .text.pstorage_callback_handler
                0x000f642c       0x68 _build/build-feather_nrf52840_sense/dfu_single_bank.o
 .text.dfu_activate_app
                0x000f6494       0x40 _build/build-feather_nrf52840_sense/dfu_single_bank.o
 .text.dfu_activate_bl
                0x000f64d4       0x3c _build/build-feather_nrf52840_sense/dfu_single_bank.o
 .text.dfu_activate_sd
                0x000f6510       0x54 _build/build-feather_nrf52840_sense/dfu_single_bank.o
 .text.dfu_cleared_func_app
                0x000f6564       0x26 _build/build-feather_nrf52840_sense/dfu_single_bank.o
 *fill*         0x000f658a        0x2 
 .text.dfu_prepare_func_app_erase
                0x000f658c       0x7c _build/build-feather_nrf52840_sense/dfu_single_bank.o
 .text.dfu_sd_img_block_swap
                0x000f6608       0x5c _build/build-feather_nrf52840_sense/dfu_single_bank.o
 .text.dfu_init
                0x000f6664       0x64 _build/build-feather_nrf52840_sense/dfu_single_bank.o
                0x000f6664                dfu_init
 .text.dfu_register_callback
                0x000f66c8        0xc _build/build-feather_nrf52840_sense/dfu_single_bank.o
                0x000f66c8                dfu_register_callback
 .text.dfu_start_pkt_handle
                0x000f66d4       0xb4 _build/build-feather_nrf52840_sense/dfu_single_bank.o
                0x000f66d4                dfu_start_pkt_handle
 .text.dfu_data_pkt_handle
                0x000f6788       0xd8 _build/build-feather_nrf52840_sense/dfu_single_bank.o
                0x000f6788                dfu_data_pkt_handle
 .text.dfu_init_pkt_complete
                0x000f6860       0x44 _build/build-feather_nrf52840_sense/dfu_single_bank.o
                0x000f6860                dfu_init_pkt_complete
 .text.dfu_init_pkt_handle
                0x000f68a4       0x58 _build/build-feather_nrf52840_sense/dfu_single_bank.o
                0x000f68a4                dfu_init_pkt_handle
 .text.dfu_image_validate
                0x000f68fc       0x40 _build/build-feather_nrf52840_sense/dfu_single_bank.o
                0x000f68fc                dfu_image_validate
 .text.dfu_image_activate
                0x000f693c       0x1c _build/build-feather_nrf52840_sense/dfu_single_bank.o
                0x000f693c                dfu_image_activate
 .text.dfu_reset
                0x000f6958       0x1c _build/build-feather_nrf52840_sense/dfu_single_bank.o
                0x000f6958                dfu_reset
 .text.dfu_sd_image_swap
                0x000f6974       0x98 _build/build-feather_nrf52840_sense/dfu_single_bank.o
                0x000f6974                dfu_sd_image_swap
 .text.dfu_bl_image_swap
                0x000f6a0c       0x48 _build/build-feather_nrf52840_sense/dfu_single_bank.o
                0x000f6a0c                dfu_bl_image_swap
 .text.dfu_bl_image_validate
                0x000f6a54       0x4c _build/build-feather_nrf52840_sense/dfu_single_bank.o
                0x000f6a54                dfu_bl_image_validate
 .text.dfu_sd_image_validate
                0x000f6aa0       0x64 _build/build-feather_nrf52840_sense/dfu_single_bank.o
                0x000f6aa0                dfu_sd_image_validate
 .text.sd_ble_gatts_service_add
                0x000f6b04        0x4 _build/build-feather_nrf52840_sense/ble_dfu.o
 .text.sd_ble_gatts_characteristic_add
                0x000f6b08        0x4 _build/build-feather_nrf52840_sense/ble_dfu.o
 .text.sd_ble_gatts_value_get
                0x000f6b0c        0x4 _build/build-feather_nrf52840_sense/ble_dfu.o
 .text.sd_ble_gatts_hvx
                0x000f6b10        0x4 _build/build-feather_nrf52840_sense/ble_dfu.o
 .text.sd_ble_gatts_rw_authorize_reply
                0x000f6b14        0x4 _build/build-feather_nrf52840_sense/ble_dfu.o
 .text.sd_ble_uuid_vs_add
                0x000f6b18        0x4 _build/build-feather_nrf52840_sense/ble_dfu.o
 .text.ble_dfu_init
                0x000f6b1c      0x220 _build/build-feather_nrf52840_sense/ble_dfu.o
                0x000f6b1c                ble_dfu_init
 .text.ble_dfu_bytes_rcvd_report
                0x000f6d3c       0x78 _build/build-feather_nrf52840_sense/ble_dfu.o
                0x000f6d3c                ble_dfu_bytes_rcvd_report
 .text.ble_dfu_pkts_rcpt_notify
                0x000f6db4       0x74 _build/build-feather_nrf52840_sense/ble_dfu.o
                0x000f6db4                ble_dfu_pkts_rcpt_notify
 .text.ble_dfu_response_send
                0x000f6e28       0x68 _build/build-feather_nrf52840_sense/ble_dfu.o
                0x000f6e28                ble_dfu_response_send
 .text.ble_dfu_on_ble_evt
                0x000f6e90      0x174 _build/build-feather_nrf52840_sense/ble_dfu.o
                0x000f6e90                ble_dfu_on_ble_evt
 .text.sd_ble_gatts_service_add
                0x000f7004        0x4 _build/build-feather_nrf52840_sense/ble_dis.o
 .text.sd_ble_gatts_characteristic_add
                0x000f7008        0x4 _build/build-feather_nrf52840_sense/ble_dis.o
 .text.char_add
                0x000f700c       0xac _build/build-feather_nrf52840_sense/ble_dis.o
 .text.ble_dis_init
                0x000f70b8       0xcc _build/build-feather_nrf52840_sense/ble_dis.o
                0x000f70b8                ble_dis_init
 .text.sd_flash_write
                0x000f7184        0x4 _build/build-feather_nrf52840_sense/pstorage_raw.o
 .text.sd_flash_page_erase
                0x000f7188        0x4 _build/build-feather_nrf52840_sense/pstorage_raw.o
 .text.cmd_queue_element_init
                0x000f718c       0x20 _build/build-feather_nrf52840_sense/pstorage_raw.o
 .text.app_notify
                0x000f71ac       0x24 _build/build-feather_nrf52840_sense/pstorage_raw.o
 .text.cmd_process
                0x000f71d0       0x70 _build/build-feather_nrf52840_sense/pstorage_raw.o
 .text.cmd_queue_enqueue
                0x000f7240       0x54 _build/build-feather_nrf52840_sense/pstorage_raw.o
 .text.pstorage_sys_event_handler
                0x000f7294       0x98 _build/build-feather_nrf52840_sense/pstorage_raw.o
                0x000f7294                pstorage_sys_event_handler
 .text.pstorage_init
                0x000f732c       0x3c _build/build-feather_nrf52840_sense/pstorage_raw.o
                0x000f732c                pstorage_init
 .text.pstorage_register
                0x000f7368       0x24 _build/build-feather_nrf52840_sense/pstorage_raw.o
                0x000f7368                pstorage_register
 .text.pstorage_store
                0x000f738c       0x20 _build/build-feather_nrf52840_sense/pstorage_raw.o
                0x000f738c                pstorage_store
 .text.pstorage_clear
                0x000f73ac       0x16 _build/build-feather_nrf52840_sense/pstorage_raw.o
                0x000f73ac                pstorage_clear
 *fill*         0x000f73c2        0x2 
 .text.user_op_alloc
                0x000f73c4       0x2c _build/build-feather_nrf52840_sense/app_timer.o
 .text.timeout_handler_scheduled_exec
                0x000f73f0       0x18 _build/build-feather_nrf52840_sense/app_timer.o
 .text.timer_stop_op_schedule
                0x000f7408       0x50 _build/build-feather_nrf52840_sense/app_timer.o
 .text.nrf_delay_us.part.0.constprop.0
                0x000f7458       0x8c _build/build-feather_nrf52840_sense/app_timer.o
 .text.rtc1_stop
                0x000f74e4       0x44 _build/build-feather_nrf52840_sense/app_timer.o
 .text.RTC1_IRQHandler
                0x000f7528       0xbc _build/build-feather_nrf52840_sense/app_timer.o
                0x000f7528                RTC1_IRQHandler
 .text.SWI0_EGU0_IRQHandler
                0x000f75e4      0x2d4 _build/build-feather_nrf52840_sense/app_timer.o
                0x000f75e4                SWI0_EGU0_IRQHandler
 .text.app_timer_init
                0x000f78b8       0x60 _build/build-feather_nrf52840_sense/app_timer.o
                0x000f78b8                app_timer_init
 .text.app_timer_create
                0x000f7918       0x24 _build/build-feather_nrf52840_sense/app_timer.o
                0x000f7918                app_timer_create
 .text.app_timer_start
                0x000f793c       0x90 _build/build-feather_nrf52840_sense/app_timer.o
                0x000f793c                app_timer_start
 .text.app_timer_stop
                0x000f79cc       0x20 _build/build-feather_nrf52840_sense/app_timer.o
                0x000f79cc                app_timer_stop
 .text.app_sched_init
                0x000f79ec       0x48 _build/build-feather_nrf52840_sense/app_scheduler.o
                0x000f79ec                app_sched_init
 .text.app_sched_event_put
                0x000f7a34       0xd0 _build/build-feather_nrf52840_sense/app_scheduler.o
                0x000f7a34                app_sched_event_put
 .text.app_sched_execute
                0x000f7b04       0x5c _build/build-feather_nrf52840_sense/app_scheduler.o
                0x000f7b04                app_sched_execute
 .text.app_error_handler_bare
                0x000f7b60       0x1c _build/build-feather_nrf52840_sense/app_error.o
                0x000f7b60                app_error_handler_bare
 .text.app_util_critical_region_enter
                0x000f7b7c       0x48 _build/build-feather_nrf52840_sense/app_util_platform.o
                0x000f7b7c                app_util_critical_region_enter
 .text.app_util_critical_region_exit
                0x000f7bc4       0x2c _build/build-feather_nrf52840_sense/app_util_platform.o
                0x000f7bc4                app_util_critical_region_exit
 .text.crc16_compute
                0x000f7bf0       0x36 _build/build-feather_nrf52840_sense/crc16.o
                0x000f7bf0                crc16_compute
 *fill*         0x000f7c26        0x2 
 .text.hci_mem_pool_open
                0x000f7c28       0x28 _build/build-feather_nrf52840_sense/hci_mem_pool.o
                0x000f7c28                hci_mem_pool_open
 .text.hci_mem_pool_close
                0x000f7c50        0x4 _build/build-feather_nrf52840_sense/hci_mem_pool.o
                0x000f7c50                hci_mem_pool_close
 .text.hci_mem_pool_rx_produce
                0x000f7c54       0x54 _build/build-feather_nrf52840_sense/hci_mem_pool.o
                0x000f7c54                hci_mem_pool_rx_produce
 .text.hci_mem_pool_rx_consume
                0x000f7ca8       0x78 _build/build-feather_nrf52840_sense/hci_mem_pool.o
                0x000f7ca8                hci_mem_pool_rx_consume
 .text.hci_mem_pool_rx_data_size_set
                0x000f7d20       0x20 _build/build-feather_nrf52840_sense/hci_mem_pool.o
                0x000f7d20                hci_mem_pool_rx_data_size_set
 .text.hci_mem_pool_rx_extract
                0x000f7d40       0x44 _build/build-feather_nrf52840_sense/hci_mem_pool.o
                0x000f7d40                hci_mem_pool_rx_extract
 .text.handle_slip_end
                0x000f7d84       0x40 _build/build-feather_nrf52840_sense/hci_slip.o
 .text.handle_rx_byte_esc
                0x000f7dc4       0x5c _build/build-feather_nrf52840_sense/hci_slip.o
 .text.handle_rx_byte_wait_start
                0x000f7e20       0x14 _build/build-feather_nrf52840_sense/hci_slip.o
 .text.handle_rx_byte_default
                0x000f7e34       0x40 _build/build-feather_nrf52840_sense/hci_slip.o
 .text.serial_put
                0x000f7e74       0x20 _build/build-feather_nrf52840_sense/hci_slip.o
 .text.send_tx_byte_default
                0x000f7e94       0x24 _build/build-feather_nrf52840_sense/hci_slip.o
 .text.send_tx_byte_end
                0x000f7eb8       0x24 _build/build-feather_nrf52840_sense/hci_slip.o
 .text.send_tx_byte_esc
                0x000f7edc       0x1c _build/build-feather_nrf52840_sense/hci_slip.o
 .text.send_tx_byte_encoded
                0x000f7ef8       0x44 _build/build-feather_nrf52840_sense/hci_slip.o
 .text.tud_cdc_rx_cb
                0x000f7f3c       0x78 _build/build-feather_nrf52840_sense/hci_slip.o
                0x000f7f3c                tud_cdc_rx_cb
 .text.hci_slip_evt_handler_register
                0x000f7fb4        0xc _build/build-feather_nrf52840_sense/hci_slip.o
                0x000f7fb4                hci_slip_evt_handler_register
 .text.hci_slip_open
                0x000f7fc0       0x14 _build/build-feather_nrf52840_sense/hci_slip.o
                0x000f7fc0                hci_slip_open
 .text.hci_slip_close
                0x000f7fd4        0xc _build/build-feather_nrf52840_sense/hci_slip.o
                0x000f7fd4                hci_slip_close
 .text.hci_slip_write
                0x000f7fe0       0xd8 _build/build-feather_nrf52840_sense/hci_slip.o
                0x000f7fe0                hci_slip_write
 .text.hci_slip_rx_buffer_register
                0x000f80b8       0x2c _build/build-feather_nrf52840_sense/hci_slip.o
                0x000f80b8                hci_slip_rx_buffer_register
 .text.ack_transmit
                0x000f80e4       0x24 _build/build-feather_nrf52840_sense/hci_transport.o
 .text.tx_sm_event_handle
                0x000f8108       0xd0 _build/build-feather_nrf52840_sense/hci_transport.o
 .text.slip_event_handle
                0x000f81d8      0x198 _build/build-feather_nrf52840_sense/hci_transport.o
                0x000f81d8                slip_event_handle
 .text.hci_transport_timeout_handle
                0x000f8370        0x6 _build/build-feather_nrf52840_sense/hci_transport.o
                0x000f8370                hci_transport_timeout_handle
 *fill*         0x000f8376        0x2 
 .text.hci_transport_evt_handler_reg
                0x000f8378       0x28 _build/build-feather_nrf52840_sense/hci_transport.o
                0x000f8378                hci_transport_evt_handler_reg
 .text.hci_transport_open
                0x000f83a0       0x90 _build/build-feather_nrf52840_sense/hci_transport.o
                0x000f83a0                hci_transport_open
 .text.hci_transport_close
                0x000f8430       0x40 _build/build-feather_nrf52840_sense/hci_transport.o
                0x000f8430                hci_transport_close
 .text.hci_transport_rx_pkt_extract
                0x000f8470       0x38 _build/build-feather_nrf52840_sense/hci_transport.o
                0x000f8470                hci_transport_rx_pkt_extract
 .text.hci_transport_rx_pkt_consume
                0x000f84a8        0x6 _build/build-feather_nrf52840_sense/hci_transport.o
                0x000f84a8                hci_transport_rx_pkt_consume
 .text.sd_mbr_command
                0x000f84ae        0x4 _build/build-feather_nrf52840_sense/msc_uf2.o
 *fill*         0x000f84b2        0x2 
 .text.tud_msc_inquiry_cb
                0x000f84b4       0x68 _build/build-feather_nrf52840_sense/msc_uf2.o
                0x000f84b4                tud_msc_inquiry_cb
 .text.tud_msc_test_unit_ready_cb
                0x000f851c        0x4 _build/build-feather_nrf52840_sense/msc_uf2.o
                0x000f851c                tud_msc_test_unit_ready_cb
 .text.tud_msc_scsi_cb
                0x000f8520       0x24 _build/build-feather_nrf52840_sense/msc_uf2.o
                0x000f8520                tud_msc_scsi_cb
 .text.tud_msc_read10_cb
                0x000f8544       0x42 _build/build-feather_nrf52840_sense/msc_uf2.o
                0x000f8544                tud_msc_read10_cb
 *fill*         0x000f8586        0x2 
 .text.tud_msc_write10_cb
                0x000f8588       0x30 _build/build-feather_nrf52840_sense/msc_uf2.o
                0x000f8588                tud_msc_write10_cb
 .text.tud_msc_write10_complete_cb
                0x000f85b8       0xa4 _build/build-feather_nrf52840_sense/msc_uf2.o
                0x000f85b8                tud_msc_write10_complete_cb
 .text.tud_msc_capacity_cb
                0x000f865c       0x10 _build/build-feather_nrf52840_sense/msc_uf2.o
                0x000f865c                tud_msc_capacity_cb
 .text.tud_msc_start_stop_cb
                0x000f866c        0x4 _build/build-feather_nrf52840_sense/msc_uf2.o
                0x000f866c                tud_msc_start_stop_cb
 .text.tud_descriptor_device_cb
                0x000f8670        0x8 _build/build-feather_nrf52840_sense/usb_desc.o
                0x000f8670                tud_descriptor_device_cb
 .text.tud_descriptor_configuration_cb
                0x000f8678       0x20 _build/build-feather_nrf52840_sense/usb_desc.o
                0x000f8678                tud_descriptor_configuration_cb
 .text.usb_desc_init
                0x000f8698       0x9c _build/build-feather_nrf52840_sense/usb_desc.o
                0x000f8698                usb_desc_init
 .text.tud_descriptor_string_cb
                0x000f8734       0x60 _build/build-feather_nrf52840_sense/usb_desc.o
                0x000f8734                tud_descriptor_string_cb
 .text.sd_power_usbpwrrdy_enable
                0x000f8794        0x4 _build/build-feather_nrf52840_sense/usb.o
 .text.sd_power_usbdetected_enable
                0x000f8798        0x4 _build/build-feather_nrf52840_sense/usb.o
 .text.sd_power_usbremoved_enable
                0x000f879c        0x4 _build/build-feather_nrf52840_sense/usb.o
 .text.sd_power_usbregstatus_get
                0x000f87a0        0x4 _build/build-feather_nrf52840_sense/usb.o
 .text.sd_softdevice_is_enabled
                0x000f87a4        0x4 _build/build-feather_nrf52840_sense/usb.o
 .text.power_event_handler
                0x000f87a8        0x4 _build/build-feather_nrf52840_sense/usb.o
 .text.USBD_IRQHandler
                0x000f87ac        0x6 _build/build-feather_nrf52840_sense/usb.o
                0x000f87ac                USBD_IRQHandler
 *fill*         0x000f87b2        0x2 
 .text.usb_init
                0x000f87b4       0xa0 _build/build-feather_nrf52840_sense/usb.o
                0x000f87b4                usb_init
 .text.usb_teardown
                0x000f8854        0x6 _build/build-feather_nrf52840_sense/usb.o
                0x000f8854                usb_teardown
 .text.tud_mount_cb
                0x000f885a        0x6 _build/build-feather_nrf52840_sense/usb.o
                0x000f885a                tud_mount_cb
 .text.tud_umount_cb
                0x000f8860        0x6 _build/build-feather_nrf52840_sense/usb.o
                0x000f8860                tud_umount_cb
 *fill*         0x000f8866        0x2 
 .text.uf2_init
                0x000f8868       0xe4 _build/build-feather_nrf52840_sense/ghostfat.o
                0x000f8868                uf2_init
 .text.padded_memcpy
                0x000f894c       0x1c _build/build-feather_nrf52840_sense/ghostfat.o
                0x000f894c                padded_memcpy
 .text.read_block
                0x000f8968      0x1ac _build/build-feather_nrf52840_sense/ghostfat.o
                0x000f8968                read_block
 .text.write_block
                0x000f8b14      0x1b0 _build/build-feather_nrf52840_sense/ghostfat.o
                0x000f8b14                write_block
 .text.nrfx_usbd_errata_187
                0x000f8cc4       0x20 _build/build-feather_nrf52840_sense/dcd_nrf5x.o
 .text.start_dma
                0x000f8ce4       0x30 _build/build-feather_nrf52840_sense/dcd_nrf5x.o
 .text.sd_clock_hfclk_request
                0x000f8d14        0x4 _build/build-feather_nrf52840_sense/dcd_nrf5x.o
 .text.sd_clock_hfclk_release
                0x000f8d18        0x4 _build/build-feather_nrf52840_sense/dcd_nrf5x.o
 .text.sd_clock_hfclk_is_running
                0x000f8d1c        0x4 _build/build-feather_nrf52840_sense/dcd_nrf5x.o
 .text.sd_softdevice_is_enabled
                0x000f8d20        0x4 _build/build-feather_nrf52840_sense/dcd_nrf5x.o
 .text.edpt_dma_start
                0x000f8d24       0x60 _build/build-feather_nrf52840_sense/dcd_nrf5x.o
 .text.xact_in_dma
                0x000f8d84       0x40 _build/build-feather_nrf52840_sense/dcd_nrf5x.o
 .text.is_sd_enabled
                0x000f8dc4       0x30 _build/build-feather_nrf52840_sense/dcd_nrf5x.o
 .text.hfclk_running
                0x000f8df4       0x36 _build/build-feather_nrf52840_sense/dcd_nrf5x.o
 *fill*         0x000f8e2a        0x2 
 .text.xact_out_dma.part.0
                0x000f8e2c       0x2c _build/build-feather_nrf52840_sense/dcd_nrf5x.o
 .text.xact_out_dma
                0x000f8e58       0x58 _build/build-feather_nrf52840_sense/dcd_nrf5x.o
 .text.dcd_init
                0x000f8eb0        0x2 _build/build-feather_nrf52840_sense/dcd_nrf5x.o
                0x000f8eb0                dcd_init
 *fill*         0x000f8eb2        0x2 
 .text.dcd_int_enable
                0x000f8eb4        0xc _build/build-feather_nrf52840_sense/dcd_nrf5x.o
                0x000f8eb4                dcd_int_enable
 .text.dcd_int_disable
                0x000f8ec0       0x10 _build/build-feather_nrf52840_sense/dcd_nrf5x.o
                0x000f8ec0                dcd_int_disable
 .text.dcd_set_address
                0x000f8ed0       0x24 _build/build-feather_nrf52840_sense/dcd_nrf5x.o
                0x000f8ed0                dcd_set_address
 .text.dcd_edpt_open
                0x000f8ef4      0x114 _build/build-feather_nrf52840_sense/dcd_nrf5x.o
                0x000f8ef4                dcd_edpt_open
 .text.dcd_edpt_close_all
                0x000f9008       0x8c _build/build-feather_nrf52840_sense/dcd_nrf5x.o
                0x000f9008                dcd_edpt_close_all
 .text.dcd_edpt_xfer
                0x000f9094       0x9c _build/build-feather_nrf52840_sense/dcd_nrf5x.o
                0x000f9094                dcd_edpt_xfer
 .text.dcd_edpt_stall
                0x000f9130       0x48 _build/build-feather_nrf52840_sense/dcd_nrf5x.o
                0x000f9130                dcd_edpt_stall
 .text.dcd_edpt_clear_stall
                0x000f9178       0x34 _build/build-feather_nrf52840_sense/dcd_nrf5x.o
                0x000f9178                dcd_edpt_clear_stall
 .text.bus_reset
                0x000f91ac       0x6c _build/build-feather_nrf52840_sense/dcd_nrf5x.o
                0x000f91ac                bus_reset
 .text.dcd_int_handler
                0x000f9218      0x324 _build/build-feather_nrf52840_sense/dcd_nrf5x.o
                0x000f9218                dcd_int_handler
 .text.tusb_hal_nrf_power_event
                0x000f953c      0x204 _build/build-feather_nrf52840_sense/dcd_nrf5x.o
                0x000f953c                tusb_hal_nrf_power_event
 .text.advance_pointer
                0x000f9740       0x18 _build/build-feather_nrf52840_sense/tusb_fifo.o
 .text._tu_fifo_correct_read_pointer
                0x000f9758       0x1e _build/build-feather_nrf52840_sense/tusb_fifo.o
 .text._ff_pull_const_addr
                0x000f9776       0x2e _build/build-feather_nrf52840_sense/tusb_fifo.o
 .text._tu_fifo_peek_n
                0x000f97a4      0x122 _build/build-feather_nrf52840_sense/tusb_fifo.o
 .text._ff_push_const_addr
                0x000f98c6       0x28 _build/build-feather_nrf52840_sense/tusb_fifo.o
 .text._tu_fifo_peek
                0x000f98ee       0x4c _build/build-feather_nrf52840_sense/tusb_fifo.o
 .text._tu_fifo_write_n.part.0
                0x000f993a      0x12a _build/build-feather_nrf52840_sense/tusb_fifo.o
 .text.tu_fifo_config
                0x000f9a64       0x2c _build/build-feather_nrf52840_sense/tusb_fifo.o
                0x000f9a64                tu_fifo_config
 .text.tu_fifo_count
                0x000f9a90       0x24 _build/build-feather_nrf52840_sense/tusb_fifo.o
                0x000f9a90                tu_fifo_count
 .text.tu_fifo_empty
                0x000f9ab4       0x10 _build/build-feather_nrf52840_sense/tusb_fifo.o
                0x000f9ab4                tu_fifo_empty
 .text.tu_fifo_remaining
                0x000f9ac4       0x24 _build/build-feather_nrf52840_sense/tusb_fifo.o
                0x000f9ac4                tu_fifo_remaining
 .text.tu_fifo_read
                0x000f9ae8       0x24 _build/build-feather_nrf52840_sense/tusb_fifo.o
                0x000f9ae8                tu_fifo_read
 .text.tu_fifo_read_n
                0x000f9b0c       0x2c _build/build-feather_nrf52840_sense/tusb_fifo.o
                0x000f9b0c                tu_fifo_read_n
 .text.tu_fifo_write
                0x000f9b38       0x54 _build/build-feather_nrf52840_sense/tusb_fifo.o
                0x000f9b38                tu_fifo_write
 .text.tu_fifo_write_n
                0x000f9b8c        0xc _build/build-feather_nrf52840_sense/tusb_fifo.o
                0x000f9b8c                tu_fifo_write_n
 .text.tu_fifo_clear
                0x000f9b98       0x18 _build/build-feather_nrf52840_sense/tusb_fifo.o
                0x000f9b98                tu_fifo_clear
 .text.tu_fifo_set_overwritable
                0x000f9bb0        0x6 _build/build-feather_nrf52840_sense/tusb_fifo.o
                0x000f9bb0                tu_fifo_set_overwritable
 *fill*         0x000f9bb6        0x2 
 .text.get_driver
                0x000f9bb8       0x40 _build/build-feather_nrf52840_sense/usbd.o
 .text.configuration_reset
                0x000f9bf8       0x54 _build/build-feather_nrf52840_sense/usbd.o
 .text.invoke_class_control
                0x000f9c4c       0x1e _build/build-feather_nrf52840_sense/usbd.o
 .text.osal_queue_send.isra.0
                0x000f9c6a       0x42 _build/build-feather_nrf52840_sense/usbd.o
 .text.tud_mounted
                0x000f9cac       0x10 _build/build-feather_nrf52840_sense/usbd.o
                0x000f9cac                tud_mounted
 .text.tud_suspended
                0x000f9cbc       0x10 _build/build-feather_nrf52840_sense/usbd.o
                0x000f9cbc                tud_suspended
 .text.tud_inited
                0x000f9ccc        0xc _build/build-feather_nrf52840_sense/usbd.o
                0x000f9ccc                tud_inited
 .text.tud_init
                0x000f9cd8       0x78 _build/build-feather_nrf52840_sense/usbd.o
                0x000f9cd8                tud_init
 .text.dcd_event_handler
                0x000f9d50       0xa0 _build/build-feather_nrf52840_sense/usbd.o
                0x000f9d50                dcd_event_handler
 .text.dcd_event_bus_signal
                0x000f9df0       0x20 _build/build-feather_nrf52840_sense/usbd.o
                0x000f9df0                dcd_event_bus_signal
 .text.dcd_event_bus_reset
                0x000f9e10       0x26 _build/build-feather_nrf52840_sense/usbd.o
                0x000f9e10                dcd_event_bus_reset
 .text.dcd_event_setup_received
                0x000f9e36       0x2c _build/build-feather_nrf52840_sense/usbd.o
                0x000f9e36                dcd_event_setup_received
 .text.dcd_event_xfer_complete
                0x000f9e62       0x2a _build/build-feather_nrf52840_sense/usbd.o
                0x000f9e62                dcd_event_xfer_complete
 .text.usbd_defer_func
                0x000f9e8c       0x1a _build/build-feather_nrf52840_sense/usbd.o
                0x000f9e8c                usbd_defer_func
 *fill*         0x000f9ea6        0x2 
 .text.usbd_edpt_open
                0x000f9ea8       0x40 _build/build-feather_nrf52840_sense/usbd.o
                0x000f9ea8                usbd_edpt_open
 .text.usbd_open_edpt_pair
                0x000f9ee8       0x6c _build/build-feather_nrf52840_sense/usbd.o
                0x000f9ee8                usbd_open_edpt_pair
 .text.usbd_edpt_claim
                0x000f9f54       0x34 _build/build-feather_nrf52840_sense/usbd.o
                0x000f9f54                usbd_edpt_claim
 .text.usbd_edpt_release
                0x000f9f88       0x34 _build/build-feather_nrf52840_sense/usbd.o
                0x000f9f88                usbd_edpt_release
 .text.usbd_edpt_xfer
                0x000f9fbc       0x60 _build/build-feather_nrf52840_sense/usbd.o
                0x000f9fbc                usbd_edpt_xfer
 .text.usbd_edpt_busy
                0x000fa01c       0x1c _build/build-feather_nrf52840_sense/usbd.o
                0x000fa01c                usbd_edpt_busy
 .text.usbd_edpt_stall
                0x000fa038       0x34 _build/build-feather_nrf52840_sense/usbd.o
                0x000fa038                usbd_edpt_stall
 .text.usbd_edpt_clear_stall
                0x000fa06c       0x34 _build/build-feather_nrf52840_sense/usbd.o
                0x000fa06c                usbd_edpt_clear_stall
 .text.usbd_edpt_stalled
                0x000fa0a0       0x1c _build/build-feather_nrf52840_sense/usbd.o
                0x000fa0a0                usbd_edpt_stalled
 .text.tud_task
                0x000fa0bc      0x5dc _build/build-feather_nrf52840_sense/usbd.o
                0x000fa0bc                tud_task
 .text._data_stage_xact
                0x000fa698       0x5c _build/build-feather_nrf52840_sense/usbd_control.o
 .text._status_stage_xact.isra.0
                0x000fa6f4       0x14 _build/build-feather_nrf52840_sense/usbd_control.o
 .text.tud_control_status
                0x000fa708       0x24 _build/build-feather_nrf52840_sense/usbd_control.o
                0x000fa708                tud_control_status
 .text.tud_control_xfer
                0x000fa72c       0x68 _build/build-feather_nrf52840_sense/usbd_control.o
                0x000fa72c                tud_control_xfer
 .text.usbd_control_reset
                0x000fa794       0x10 _build/build-feather_nrf52840_sense/usbd_control.o
                0x000fa794                usbd_control_reset
 .text.usbd_control_set_complete_callback
                0x000fa7a4        0xc _build/build-feather_nrf52840_sense/usbd_control.o
                0x000fa7a4                usbd_control_set_complete_callback
 .text.usbd_control_set_request
                0x000fa7b0       0x1c _build/build-feather_nrf52840_sense/usbd_control.o
                0x000fa7b0                usbd_control_set_request
 .text.usbd_control_xfer_cb
                0x000fa7cc       0xc4 _build/build-feather_nrf52840_sense/usbd_control.o
                0x000fa7cc                usbd_control_xfer_cb
 .text._prep_out_transaction.isra.0
                0x000fa890       0x44 _build/build-feather_nrf52840_sense/cdc_device.o
 .text.tud_cdc_n_available
                0x000fa8d4       0x18 _build/build-feather_nrf52840_sense/cdc_device.o
                0x000fa8d4                tud_cdc_n_available
 .text.tud_cdc_n_read
                0x000fa8ec       0x28 _build/build-feather_nrf52840_sense/cdc_device.o
                0x000fa8ec                tud_cdc_n_read
 .text.tud_cdc_n_write_flush
                0x000fa914       0x80 _build/build-feather_nrf52840_sense/cdc_device.o
                0x000fa914                tud_cdc_n_write_flush
 .text.tud_cdc_n_write
                0x000fa994       0x34 _build/build-feather_nrf52840_sense/cdc_device.o
                0x000fa994                tud_cdc_n_write
 .text.cdcd_init
                0x000fa9c8       0x58 _build/build-feather_nrf52840_sense/cdc_device.o
                0x000fa9c8                cdcd_init
 .text.cdcd_reset
                0x000faa20       0x30 _build/build-feather_nrf52840_sense/cdc_device.o
                0x000faa20                cdcd_reset
 .text.cdcd_open
                0x000faa50       0xa4 _build/build-feather_nrf52840_sense/cdc_device.o
                0x000faa50                cdcd_open
 .text.cdcd_control_xfer_cb
                0x000faaf4       0xb8 _build/build-feather_nrf52840_sense/cdc_device.o
                0x000faaf4                cdcd_control_xfer_cb
 .text.cdcd_xfer_cb
                0x000fabac       0xfc _build/build-feather_nrf52840_sense/cdc_device.o
                0x000fabac                cdcd_xfer_cb
 .text.fail_scsi_op.constprop.0
                0x000faca8       0x48 _build/build-feather_nrf52840_sense/msc_device.o
 .text.proc_write10_cmd.constprop.0
                0x000facf0       0x64 _build/build-feather_nrf52840_sense/msc_device.o
 .text.proc_read10_cmd.constprop.0
                0x000fad54       0x98 _build/build-feather_nrf52840_sense/msc_device.o
 .text.rdwr10_validate_cmd
                0x000fadec       0x3e _build/build-feather_nrf52840_sense/msc_device.o
                0x000fadec                rdwr10_validate_cmd
 *fill*         0x000fae2a        0x2 
 .text.tud_msc_set_sense
                0x000fae2c       0x18 _build/build-feather_nrf52840_sense/msc_device.o
                0x000fae2c                tud_msc_set_sense
 .text.mscd_init
                0x000fae44       0x10 _build/build-feather_nrf52840_sense/msc_device.o
                0x000fae44                mscd_init
 .text.mscd_reset
                0x000fae54       0x10 _build/build-feather_nrf52840_sense/msc_device.o
                0x000fae54                mscd_reset
 .text.mscd_open
                0x000fae64       0x90 _build/build-feather_nrf52840_sense/msc_device.o
                0x000fae64                mscd_open
 .text.mscd_control_xfer_cb
                0x000faef4      0x11c _build/build-feather_nrf52840_sense/msc_device.o
                0x000faef4                mscd_control_xfer_cb
 .text.mscd_xfer_cb
                0x000fb010      0x4c0 _build/build-feather_nrf52840_sense/msc_device.o
                0x000fb010                mscd_xfer_cb
 .text.tusb_init
                0x000fb4d0       0x1a _build/build-feather_nrf52840_sense/tusb.o
                0x000fb4d0                tusb_init
 .text.tusb_inited
                0x000fb4ea        0x4 _build/build-feather_nrf52840_sense/tusb.o
                0x000fb4ea                tusb_inited
 .text.tu_edpt_validate
                0x000fb4ee       0x60 _build/build-feather_nrf52840_sense/tusb.o
                0x000fb4ee                tu_edpt_validate
 .text.tu_edpt_bind_driver
                0x000fb54e       0x24 _build/build-feather_nrf52840_sense/tusb.o
                0x000fb54e                tu_edpt_bind_driver
 *fill*         0x000fb572        0x2 
 .text          0x000fb574       0x3c _build/build-feather_nrf52840_sense/gcc_startup_nrf52840.o
                0x000fb574                Reset_Handler
                0x000fb59c                NMI_Handler
                0x000fb59e                HardFault_Handler
                0x000fb5a0                MemoryManagement_Handler
                0x000fb5a2                BusFault_Handler
                0x000fb5a4                UsageFault_Handler
                0x000fb5a8                DebugMon_Handler
                0x000fb5aa                PendSV_Handler
                0x000fb5ae                PDM_IRQHandler
                0x000fb5ae                TEMP_IRQHandler
                0x000fb5ae                QDEC_IRQHandler
                0x000fb5ae                TIMER3_IRQHandler
                0x000fb5ae                RADIO_IRQHandler
                0x000fb5ae                RTC0_IRQHandler
                0x000fb5ae                FPU_IRQHandler
                0x000fb5ae                SPIM0_SPIS0_TWIM0_TWIS0_SPI0_TWI0_IRQHandler
                0x000fb5ae                PWM1_IRQHandler
                0x000fb5ae                UARTE0_UART0_IRQHandler
                0x000fb5ae                TIMER4_IRQHandler
                0x000fb5ae                CRYPTOCELL_IRQHandler
                0x000fb5ae                I2S_IRQHandler
                0x000fb5ae                SWI4_EGU4_IRQHandler
                0x000fb5ae                PWM3_IRQHandler
                0x000fb5ae                TIMER2_IRQHandler
                0x000fb5ae                UARTE1_IRQHandler
                0x000fb5ae                TIMER1_IRQHandler
                0x000fb5ae                SPIM3_IRQHandler
                0x000fb5ae                PWM2_IRQHandler
                0x000fb5ae                ECB_IRQHandler
                0x000fb5ae                SPIM1_SPIS1_TWIM1_TWIS1_SPI1_TWI1_IRQHandler
                0x000fb5ae                Default_Handler
                0x000fb5ae                SAADC_IRQHandler
                0x000fb5ae                CCM_AAR_IRQHandler
                0x000fb5ae                WDT_IRQHandler
                0x000fb5ae                SWI5_EGU5_IRQHandler
                0x000fb5ae                RNG_IRQHandler
                0x000fb5ae                RTC2_IRQHandler
                0x000fb5ae                PWM0_IRQHandler
                0x000fb5ae                SWI3_EGU3_IRQHandler
                0x000fb5ae                SWI1_EGU1_IRQHandler
                0x000fb5ae                SPIM2_SPIS2_SPI2_IRQHandler
                0x000fb5ae                NFCT_IRQHandler
                0x000fb5ae                GPIOTE_IRQHandler
                0x000fb5ae                MWU_IRQHandler
                0x000fb5ae                TIMER0_IRQHandler
                0x000fb5ae                QSPI_IRQHandler
                0x000fb5ae                COMP_LPCOMP_IRQHandler
 .text.memcmp   0x000fb5b0       0x20 c:/program files (x86)/gnu arm embedded toolchain/10 2021.10/bin/../lib/gcc/arm-none-eabi/10.3.1/../../../../arm-none-eabi/lib/thumb/v7e-m+fp/hard\libc_nano.a(lib_a-memcmp.o)
                0x000fb5b0                memcmp
 .text.memcpy   0x000fb5d0       0x1c c:/program files (x86)/gnu arm embedded toolchain/10 2021.10/bin/../lib/gcc/arm-none-eabi/10.3.1/../../../../arm-none-eabi/lib/thumb/v7e-m+fp/hard\libc_nano.a(lib_a-memcpy-stub.o)
                0x000fb5d0                memcpy
 .text.memmove  0x000fb5ec       0x34 c:/program files (x86)/gnu arm embedded toolchain/10 2021.10/bin/../lib/gcc/arm-none-eabi/10.3.1/../../../../arm-none-eabi/lib/thumb/v7e-m+fp/hard\libc_nano.a(lib_a-memmove.o)
                0x000fb5ec                memmove
 .text.strcat   0x000fb620       0x1e c:/program files (x86)/gnu arm embedded toolchain/10 2021.10/bin/../lib/gcc/arm-none-eabi/10.3.1/../../../../arm-none-eabi/lib/thumb/v7e-m+fp/hard\libc_nano.a(lib_a-strcat.o)
                0x000fb620                strcat
 .text          0x000fb63e       0x10 c:/program files (x86)/gnu arm embedded toolchain/10 2021.10/bin/../lib/gcc/arm-none-eabi/10.3.1/../../../../arm-none-eabi/lib/thumb/v7e-m+fp/hard\libc_nano.a(lib_a-strlen.o)
                0x000fb63e                strlen
 *fill*         0x000fb64e        0x2 
 .text.__utoa   0x000fb650       0x84 c:/program files (x86)/gnu arm embedded toolchain/10 2021.10/bin/../lib/gcc/arm-none-eabi/10.3.1/../../../../arm-none-eabi/lib/thumb/v7e-m+fp/hard\libc_nano.a(lib_a-utoa.o)
                0x000fb650                __utoa
 .text.utoa     0x000fb6d4        0x4 c:/program files (x86)/gnu arm embedded toolchain/10 2021.10/bin/../lib/gcc/arm-none-eabi/10.3.1/../../../../arm-none-eabi/lib/thumb/v7e-m+fp/hard\libc_nano.a(lib_a-utoa.o)
                0x000fb6d4                utoa
 .text          0x000fb6d8       0x30 c:/program files (x86)/gnu arm embedded toolchain/10 2021.10/bin/../lib/gcc/arm-none-eabi/10.3.1/thumb/v7e-m+fp/hard\libgcc.a(_aeabi_uldivmod.o)
                0x000fb6d8                __aeabi_uldivmod
 .text          0x000fb708      0x2d0 c:/program files (x86)/gnu arm embedded toolchain/10 2021.10/bin/../lib/gcc/arm-none-eabi/10.3.1/thumb/v7e-m+fp/hard\libgcc.a(_udivmoddi4.o)
                0x000fb708                __udivmoddi4
 .text          0x000fb9d8        0x4 c:/program files (x86)/gnu arm embedded toolchain/10 2021.10/bin/../lib/gcc/arm-none-eabi/10.3.1/thumb/v7e-m+fp/hard\libgcc.a(_dvmd_tls.o)
                0x000fb9d8                __aeabi_idiv0
                0x000fb9d8                __aeabi_ldiv0
 *(.init)
 .init          0x000fb9dc        0x4 c:/program files (x86)/gnu arm embedded toolchain/10 2021.10/bin/../lib/gcc/arm-none-eabi/10.3.1/thumb/v7e-m+fp/hard/crti.o
                0x000fb9dc                _init
 .init          0x000fb9e0        0x8 c:/program files (x86)/gnu arm embedded toolchain/10 2021.10/bin/../lib/gcc/arm-none-eabi/10.3.1/thumb/v7e-m+fp/hard/crtn.o
 *(.fini)
 .fini          0x000fb9e8        0x4 c:/program files (x86)/gnu arm embedded toolchain/10 2021.10/bin/../lib/gcc/arm-none-eabi/10.3.1/thumb/v7e-m+fp/hard/crti.o
                0x000fb9e8                _fini
 .fini          0x000fb9ec        0x8 c:/program files (x86)/gnu arm embedded toolchain/10 2021.10/bin/../lib/gcc/arm-none-eabi/10.3.1/thumb/v7e-m+fp/hard/crtn.o
 *crtbegin.o(.ctors)
 *crtbegin?.o(.ctors)
 *(EXCLUDE_FILE(*crtend.o *crtend?.o) .ctors)
 *(SORT_BY_NAME(.ctors.*))
 *(.ctors)
 *crtbegin.o(.dtors)
 *crtbegin?.o(.dtors)
 *(EXCLUDE_FILE(*crtend.o *crtend?.o) .dtors)
 *(SORT_BY_NAME(.dtors.*))
 *(.dtors)
 *(.rodata*)
 .rodata._global_impure_ptr
                0x000fb9f4        0x4 c:/program files (x86)/gnu arm embedded toolchain/10 2021.10/bin/../lib/gcc/arm-none-eabi/10.3.1/../../../../arm-none-eabi/lib/thumb/v7e-m+fp/hard\libc.a(lib_a-impure.o)
                0x000fb9f4                _global_impure_ptr
 .rodata        0x000fb9f8        0x4 _build/build-feather_nrf52840_sense/main.o
 *fill*         0x000fb9fc        0x4 
 .rodata.delay_machine_code.0
                0x000fba00        0x6 _build/build-feather_nrf52840_sense/main.o
 .rodata        0x000fba06        0x3 _build/build-feather_nrf52840_sense/boards.o
 *fill*         0x000fba09        0x7 
 .rodata.delay_machine_code.0
                0x000fba10        0x6 _build/build-feather_nrf52840_sense/boards.o
 .rodata.CSWTCH.7
                0x000fba16        0x4 _build/build-feather_nrf52840_sense/system_nrf52840.o
 *fill*         0x000fba1a        0x2 
 .rodata._dfu_startup_timer
                0x000fba1c        0x4 _build/build-feather_nrf52840_sense/bootloader.o
 .rodata.delay_machine_code.0
                0x000fba20        0x6 _build/build-feather_nrf52840_sense/bootloader.o
 .rodata.advertising_start.str1.1
                0x000fba26        0x7 _build/build-feather_nrf52840_sense/dfu_transport_ble.o
 .rodata.dfu_transport_ble_update_start.str1.1
                0x000fba2d       0x4e _build/build-feather_nrf52840_sense/dfu_transport_ble.o
 .rodata        0x000fba7b       0x10 _build/build-feather_nrf52840_sense/dfu_transport_ble.o
 .rodata        0x000fba8b       0x10 _build/build-feather_nrf52840_sense/ble_dfu.o
 *fill*         0x000fba9b        0x1 
 .rodata.m_app_timer_id
                0x000fba9c        0x4 _build/build-feather_nrf52840_sense/hci_transport.o
 .rodata.tud_msc_inquiry_cb.str1.1
                0x000fbaa0       0x11 _build/build-feather_nrf52840_sense/msc_uf2.o
 .rodata.usb_desc_init.str1.1
                0x000fbab1       0x11 _build/build-feather_nrf52840_sense/usb_desc.o
 .rodata.str1.1
                0x000fbac2        0xb _build/build-feather_nrf52840_sense/usb_desc.o
                                 0x3e (size before relaxing)
 .rodata.__compound_literal.0
                0x000fbacd        0x2 _build/build-feather_nrf52840_sense/usb_desc.o
 .rodata.uf2_init.str1.1
                0x000fbacf       0x1d _build/build-feather_nrf52840_sense/ghostfat.o
                                 0x22 (size before relaxing)
 .rodata.BootBlock
                0x000fbaec       0x3e _build/build-feather_nrf52840_sense/ghostfat.o
 .rodata.indexFile
                0x000fbb2a       0x79 _build/build-feather_nrf52840_sense/ghostfat.o
                0x000fbb2a                indexFile
 *fill*         0x000fbba3        0x1 
 .rodata.info   0x000fbba4       0x30 _build/build-feather_nrf52840_sense/ghostfat.o
 .rodata._usbd_driver
                0x000fbbd4       0x30 _build/build-feather_nrf52840_sense/usbd.o
 .rodata.__utoa.str1.1
                0x000fbc04       0x25 c:/program files (x86)/gnu arm embedded toolchain/10 2021.10/bin/../lib/gcc/arm-none-eabi/10.3.1/../../../../arm-none-eabi/lib/thumb/v7e-m+fp/hard\libc_nano.a(lib_a-utoa.o)
 *(.eh_frame*)
 *fill*         0x000fbc29        0x3 
 .eh_frame      0x000fbc2c        0x0 c:/program files (x86)/gnu arm embedded toolchain/10 2021.10/bin/../lib/gcc/arm-none-eabi/10.3.1/thumb/v7e-m+fp/hard/crtbegin.o
 .eh_frame      0x000fbc2c        0x4 c:/program files (x86)/gnu arm embedded toolchain/10 2021.10/bin/../lib/gcc/arm-none-eabi/10.3.1/thumb/v7e-m+fp/hard/crtend.o

.glue_7         0x000fbc30        0x0
 .glue_7        0x000fbc30        0x0 linker stubs

.glue_7t        0x000fbc30        0x0
 .glue_7t       0x000fbc30        0x0 linker stubs

.vfp11_veneer   0x000fbc30        0x0
 .vfp11_veneer  0x000fbc30        0x0 linker stubs

.v4_bx          0x000fbc30        0x0
 .v4_bx         0x000fbc30        0x0 linker stubs

.iplt           0x000fbc30        0x0
 .iplt          0x000fbc30        0x0 c:/program files (x86)/gnu arm embedded toolchain/10 2021.10/bin/../lib/gcc/arm-none-eabi/10.3.1/thumb/v7e-m+fp/hard/crtbegin.o

.ARM.extab
 *(.ARM.extab* .gnu.linkonce.armextab.*)
                0x000fbc30                __exidx_start = .

.ARM.exidx      0x000fbc30        0x8
 *(.ARM.exidx* .gnu.linkonce.armexidx.*)
 .ARM.exidx     0x000fbc30        0x8 c:/program files (x86)/gnu arm embedded toolchain/10 2021.10/bin/../lib/gcc/arm-none-eabi/10.3.1/../../../../arm-none-eabi/lib/thumb/v7e-m+fp/hard/crt0.o
                                 0x10 (size before relaxing)
 .ARM.exidx     0x000fbc38        0x0 c:/program files (x86)/gnu arm embedded toolchain/10 2021.10/bin/../lib/gcc/arm-none-eabi/10.3.1/thumb/v7e-m+fp/hard\libgcc.a(_udivmoddi4.o)
                                  0x8 (size before relaxing)
                0x000fbc38                __exidx_end = .
                0x000fbc38                __etext = .

.rel.dyn        0x000fbc38        0x0
 .rel.iplt      0x000fbc38        0x0 c:/program files (x86)/gnu arm embedded toolchain/10 2021.10/bin/../lib/gcc/arm-none-eabi/10.3.1/thumb/v7e-m+fp/hard/crtbegin.o

.data           0x20008000      0x6c4 load address 0x000fbc38
                0x20008000                __data_start__ = .
 *(vtable)
 *(.data*)
 .data.impure_data
                0x20008000      0x428 c:/program files (x86)/gnu arm embedded toolchain/10 2021.10/bin/../lib/gcc/arm-none-eabi/10.3.1/../../../../arm-none-eabi/lib/thumb/v7e-m+fp/hard\libc.a(lib_a-impure.o)
 .data.__atexit_recursive_mutex
                0x20008428        0x4 c:/program files (x86)/gnu arm embedded toolchain/10 2021.10/bin/../lib/gcc/arm-none-eabi/10.3.1/../../../../arm-none-eabi/lib/thumb/v7e-m+fp/hard\libc.a(lib_a-__call_atexit.o)
                0x20008428                __atexit_recursive_mutex
 .data._fl_addr
                0x2000842c        0x4 _build/build-feather_nrf52840_sense/flash_nrf5x.o
 .data.dbl_reset_mem
                0x20008430        0x4 _build/build-feather_nrf52840_sense/main.o
                0x20008430                dbl_reset_mem
 .data.SystemCoreClock
                0x20008434        0x4 _build/build-feather_nrf52840_sense/system_nrf52840.o
                0x20008434                SystemCoreClock
 .data._adv_handle
                0x20008438        0x1 _build/build-feather_nrf52840_sense/dfu_transport_ble.o
 *fill*         0x20008439        0x1 
 .data.m_conn_handle
                0x2000843a        0x2 _build/build-feather_nrf52840_sense/dfu_transport_ble.o
 .data.m_direct_adv_cnt
                0x2000843c        0x4 _build/build-feather_nrf52840_sense/dfu_transport_ble.o
 .data.handle_rx_byte
                0x20008440        0x4 _build/build-feather_nrf52840_sense/hci_slip.o
 .data.send_tx_byte
                0x20008444        0x4 _build/build-feather_nrf52840_sense/hci_slip.o
                0x20008444                send_tx_byte
 .data.first_write.0
                0x20008448        0x1 _build/build-feather_nrf52840_sense/msc_uf2.o
 .data.desc_configuration_cdc_msc
                0x20008449       0x62 _build/build-feather_nrf52840_sense/usb_desc.o
                0x20008449                desc_configuration_cdc_msc
 .data.desc_configuration_cdc_only
                0x200084ab       0x4b _build/build-feather_nrf52840_sense/usb_desc.o
                0x200084ab                desc_configuration_cdc_only
 .data.desc_device
                0x200084f6       0x12 _build/build-feather_nrf52840_sense/usb_desc.o
                0x200084f6                desc_device
 .data.string_desc_arr
                0x20008508       0x18 _build/build-feather_nrf52840_sense/usb_desc.o
                0x20008508                string_desc_arr
 .data.infoUf2File
                0x20008520      0x180 _build/build-feather_nrf52840_sense/ghostfat.o
                0x20008520                infoUf2File
 .data._usbd_qdef
                0x200086a0       0x18 _build/build-feather_nrf52840_sense/usbd.o
                0x200086a0                _usbd_qdef
                0x200086b8                . = ALIGN (0x4)
                0x200086b8                PROVIDE (__preinit_array_start = .)
 *(.preinit_array)
                0x200086b8                PROVIDE (__preinit_array_end = .)
                0x200086b8                . = ALIGN (0x4)
                0x200086b8                PROVIDE (__init_array_start = .)
 *(SORT_BY_NAME(.init_array.*))
 .init_array.00000
                0x200086b8        0x4 c:/program files (x86)/gnu arm embedded toolchain/10 2021.10/bin/../lib/gcc/arm-none-eabi/10.3.1/../../../../arm-none-eabi/lib/thumb/v7e-m+fp/hard\libc.a(lib_a-__call_atexit.o)
 *(.init_array)
 .init_array    0x200086bc        0x4 c:/program files (x86)/gnu arm embedded toolchain/10 2021.10/bin/../lib/gcc/arm-none-eabi/10.3.1/thumb/v7e-m+fp/hard/crtbegin.o
                0x200086c0                PROVIDE (__init_array_end = .)
                0x200086c0                . = ALIGN (0x4)
                0x200086c0                PROVIDE (__fini_array_start = .)
 *(SORT_BY_NAME(.fini_array.*))
 *(.fini_array)
 .fini_array    0x200086c0        0x4 c:/program files (x86)/gnu arm embedded toolchain/10 2021.10/bin/../lib/gcc/arm-none-eabi/10.3.1/thumb/v7e-m+fp/hard/crtbegin.o
                0x200086c4                PROVIDE (__fini_array_end = .)
 *(.jcr*)
                0x200086c4                . = ALIGN (0x4)
                0x200086c4                __data_end__ = .

.igot.plt       0x200086c4        0x0 load address 0x000fc2fc
 .igot.plt      0x200086c4        0x0 c:/program files (x86)/gnu arm embedded toolchain/10 2021.10/bin/../lib/gcc/arm-none-eabi/10.3.1/thumb/v7e-m+fp/hard/crtbegin.o

.bss            0x200086c4     0x5af8 load address 0x000fc2fc
                0x200086c4                . = ALIGN (0x4)
                0x200086c4                __bss_start__ = .
 *(.bss*)
 .bss           0x200086c4       0x1c c:/program files (x86)/gnu arm embedded toolchain/10 2021.10/bin/../lib/gcc/arm-none-eabi/10.3.1/thumb/v7e-m+fp/hard/crtbegin.o
 .bss.__lock___atexit_recursive_mutex
                0x200086e0        0x1 c:/program files (x86)/gnu arm embedded toolchain/10 2021.10/bin/../lib/gcc/arm-none-eabi/10.3.1/../../../../arm-none-eabi/lib/thumb/v7e-m+fp/hard\libc.a(lib_a-lock.o)
                0x200086e0                __lock___atexit_recursive_mutex
 .bss.m_extended_packet
                0x200086e1        0xa _build/build-feather_nrf52840_sense/dfu_init.o
 *fill*         0x200086eb        0x1 
 .bss._fl_buf   0x200086ec     0x1000 _build/build-feather_nrf52840_sense/flash_nrf5x.o
 .bss._ota_connected
                0x200096ec        0x1 _build/build-feather_nrf52840_sense/main.o
                0x200096ec                _ota_connected
 .bss._ota_dfu  0x200096ed        0x1 _build/build-feather_nrf52840_sense/main.o
                0x200096ed                _ota_dfu
 .bss._sd_inited
                0x200096ee        0x1 _build/build-feather_nrf52840_sense/main.o
                0x200096ee                _sd_inited
 *fill*         0x200096ef        0x1 
 .bss.APP_SCHED_BUF.1
                0x200096f0      0x1f0 _build/build-feather_nrf52840_sense/boards.o
 .bss._systick_count
                0x200098e0        0x4 _build/build-feather_nrf52840_sense/boards.o
 .bss.led_duty_cycles
                0x200098e4        0x8 _build/build-feather_nrf52840_sense/boards.o
 .bss.pixels_pattern
                0x200098ec       0x34 _build/build-feather_nrf52840_sense/boards.o
 .bss.primary_cycle_length
                0x20009920        0x4 _build/build-feather_nrf52840_sense/boards.o
 .bss.rgb_color
                0x20009924        0x4 _build/build-feather_nrf52840_sense/boards.o
 .bss.secondary_cycle_length
                0x20009928        0x4 _build/build-feather_nrf52840_sense/boards.o
 .bss.temp_color_active
                0x2000992c        0x1 _build/build-feather_nrf52840_sense/boards.o
 *fill*         0x2000992d        0x3 
 .bss.m_pofwarn_handler
                0x20009930        0x4 _build/build-feather_nrf52840_sense/nrfx_power.o
 .bss.m_sleepevt_handler
                0x20009934        0x4 _build/build-feather_nrf52840_sense/nrfx_power.o
 .bss.m_usbevt_handler
                0x20009938        0x4 _build/build-feather_nrf52840_sense/nrfx_power.o
 .bss.nrfx_power_irq_enabled
                0x2000993c        0x1 _build/build-feather_nrf52840_sense/nrfx_power.o
                0x2000993c                nrfx_power_irq_enabled
 *fill*         0x2000993d        0x3 
 .bss._dfu_startup_timer_data
                0x20009940       0x20 _build/build-feather_nrf52840_sense/bootloader.o
 .bss.dfu_startup_packet_received
                0x20009960        0x1 _build/build-feather_nrf52840_sense/bootloader.o
                0x20009960                dfu_startup_packet_received
 *fill*         0x20009961        0x3 
 .bss.m_bootsettings_handle
                0x20009964        0x8 _build/build-feather_nrf52840_sense/bootloader.o
 .bss.m_cancel_timeout_on_usb
                0x2000996c        0x1 _build/build-feather_nrf52840_sense/bootloader.o
 .bss.m_update_status
                0x2000996d        0x1 _build/build-feather_nrf52840_sense/bootloader.o
 *fill*         0x2000996e        0x2 
 .bss.settings.1
                0x20009970       0x1c _build/build-feather_nrf52840_sense/bootloader.o
 .bss.m_data_queue
                0x2000998c       0x34 _build/build-feather_nrf52840_sense/dfu_transport_serial.o
 .bss.adv_buf.0
                0x200099c0       0x1f _build/build-feather_nrf52840_sense/dfu_transport_ble.o
 *fill*         0x200099df        0x1 
 .bss.gap_adv.1
                0x200099e0       0x10 _build/build-feather_nrf52840_sense/dfu_transport_ble.o
 .bss.m_ble_peer_data
                0x200099f0       0x3c _build/build-feather_nrf52840_sense/dfu_transport_ble.o
 .bss.m_ble_peer_data_valid
                0x20009a2c        0x1 _build/build-feather_nrf52840_sense/dfu_transport_ble.o
 *fill*         0x20009a2d        0x3 
 .bss.m_dfu     0x20009a30       0x30 _build/build-feather_nrf52840_sense/dfu_transport_ble.o
 .bss.m_gap_ids
                0x20009a60        0x4 _build/build-feather_nrf52840_sense/dfu_transport_ble.o
 .bss.m_is_advertising
                0x20009a64        0x1 _build/build-feather_nrf52840_sense/dfu_transport_ble.o
 *fill*         0x20009a65        0x3 
 .bss.m_num_of_firmware_bytes_rcvd
                0x20009a68        0x4 _build/build-feather_nrf52840_sense/dfu_transport_ble.o
 .bss.m_pkt_notif_target
                0x20009a6c        0x2 _build/build-feather_nrf52840_sense/dfu_transport_ble.o
 .bss.m_pkt_notif_target_cnt
                0x20009a6e        0x2 _build/build-feather_nrf52840_sense/dfu_transport_ble.o
 .bss.m_pkt_rcpt_notif_enabled
                0x20009a70        0x1 _build/build-feather_nrf52840_sense/dfu_transport_ble.o
 .bss.m_pkt_type
                0x20009a71        0x1 _build/build-feather_nrf52840_sense/dfu_transport_ble.o
 .bss.m_sec_params
                0x20009a72        0x5 _build/build-feather_nrf52840_sense/dfu_transport_ble.o
 .bss.m_tear_down_in_progress
                0x20009a77        0x1 _build/build-feather_nrf52840_sense/dfu_transport_ble.o
 .bss.m_update_mode
                0x20009a78        0x1 _build/build-feather_nrf52840_sense/dfu_transport_ble.o
 *fill*         0x20009a79        0x3 
 .bss.m_whitelist
                0x20009a7c        0x4 _build/build-feather_nrf52840_sense/dfu_transport_ble.o
 .bss.mp_final_packet
                0x20009a80        0x4 _build/build-feather_nrf52840_sense/dfu_transport_ble.o
 .bss.mp_rx_buffer
                0x20009a84        0x4 _build/build-feather_nrf52840_sense/dfu_transport_ble.o
 .bss.m_data_pkt_cb
                0x20009a88        0x4 _build/build-feather_nrf52840_sense/dfu_single_bank.o
 .bss.m_data_received
                0x20009a8c        0x4 _build/build-feather_nrf52840_sense/dfu_single_bank.o
 .bss.m_dfu_state
                0x20009a90        0x1 _build/build-feather_nrf52840_sense/dfu_single_bank.o
 *fill*         0x20009a91        0x3 
 .bss.m_functions
                0x20009a94        0xc _build/build-feather_nrf52840_sense/dfu_single_bank.o
 .bss.m_image_crc
                0x20009aa0        0x2 _build/build-feather_nrf52840_sense/dfu_single_bank.o
 *fill*         0x20009aa2        0x2 
 .bss.m_image_size
                0x20009aa4        0x4 _build/build-feather_nrf52840_sense/dfu_single_bank.o
 .bss.m_init_packet
                0x20009aa8       0x40 _build/build-feather_nrf52840_sense/dfu_single_bank.o
 .bss.m_init_packet_length
                0x20009ae8        0x1 _build/build-feather_nrf52840_sense/dfu_single_bank.o
 *fill*         0x20009ae9        0x3 
 .bss.m_start_packet
                0x20009aec       0x10 _build/build-feather_nrf52840_sense/dfu_single_bank.o
 .bss.m_storage_handle_app
                0x20009afc        0x8 _build/build-feather_nrf52840_sense/dfu_single_bank.o
 .bss.mp_storage_handle_active
                0x20009b04        0x4 _build/build-feather_nrf52840_sense/dfu_single_bank.o
 .bss.m_is_dfu_service_initialized
                0x20009b08        0x1 _build/build-feather_nrf52840_sense/ble_dfu.o
 .bss.m_notif_buffer
                0x20009b09        0x7 _build/build-feather_nrf52840_sense/ble_dfu.o
 .bss.fw_rev_handles
                0x20009b10        0x8 _build/build-feather_nrf52840_sense/ble_dis.o
 .bss.manufact_name_handles
                0x20009b18        0x8 _build/build-feather_nrf52840_sense/ble_dis.o
 .bss.model_num_handles
                0x20009b20        0x8 _build/build-feather_nrf52840_sense/ble_dis.o
 .bss.pnp_id_handles
                0x20009b28        0x8 _build/build-feather_nrf52840_sense/ble_dis.o
 .bss.service_handle
                0x20009b30        0x2 _build/build-feather_nrf52840_sense/ble_dis.o
 *fill*         0x20009b32        0x2 
 .bss.m_app_table
                0x20009b34       0x10 _build/build-feather_nrf52840_sense/pstorage_raw.o
 .bss.m_cmd_queue
                0x20009b44       0xf4 _build/build-feather_nrf52840_sense/pstorage_raw.o
 .bss.m_next_app_instance
                0x20009c38        0x4 _build/build-feather_nrf52840_sense/pstorage_raw.o
 .bss.m_round_val
                0x20009c3c        0x4 _build/build-feather_nrf52840_sense/pstorage_raw.o
 .bss.m_op_queue
                0x20009c40      0x10c _build/build-feather_nrf52840_sense/app_timer.o
 .bss.m_rtc1_reset
                0x20009d4c        0x1 _build/build-feather_nrf52840_sense/app_timer.o
 .bss.m_rtc1_running
                0x20009d4d        0x1 _build/build-feather_nrf52840_sense/app_timer.o
 *fill*         0x20009d4e        0x2 
 .bss.m_ticks_elapsed
                0x20009d50        0x8 _build/build-feather_nrf52840_sense/app_timer.o
 .bss.m_ticks_elapsed_q_read_ind
                0x20009d58        0x1 _build/build-feather_nrf52840_sense/app_timer.o
 .bss.m_ticks_elapsed_q_write_ind
                0x20009d59        0x1 _build/build-feather_nrf52840_sense/app_timer.o
 *fill*         0x20009d5a        0x2 
 .bss.m_ticks_latest
                0x20009d5c        0x4 _build/build-feather_nrf52840_sense/app_timer.o
 .bss.mp_timer_id_head
                0x20009d60        0x4 _build/build-feather_nrf52840_sense/app_timer.o
 .bss.m_queue_end_index
                0x20009d64        0x1 _build/build-feather_nrf52840_sense/app_scheduler.o
 *fill*         0x20009d65        0x3 
 .bss.m_queue_event_data
                0x20009d68        0x4 _build/build-feather_nrf52840_sense/app_scheduler.o
 .bss.m_queue_event_headers
                0x20009d6c        0x4 _build/build-feather_nrf52840_sense/app_scheduler.o
 .bss.m_queue_event_size
                0x20009d70        0x2 _build/build-feather_nrf52840_sense/app_scheduler.o
 .bss.m_queue_size
                0x20009d72        0x2 _build/build-feather_nrf52840_sense/app_scheduler.o
 .bss.m_queue_start_index
                0x20009d74        0x1 _build/build-feather_nrf52840_sense/app_scheduler.o
 *fill*         0x20009d75        0x3 
 .bss.nrf_nvic_state
                0x20009d78        0xc _build/build-feather_nrf52840_sense/app_util_platform.o
                0x20009d78                nrf_nvic_state
 .bss.m_is_tx_allocated
                0x20009d84        0x1 _build/build-feather_nrf52840_sense/hci_mem_pool.o
 *fill*         0x20009d85        0x3 
 .bss.m_rx_buffer_elem_queue
                0x20009d88     0x25c0 _build/build-feather_nrf52840_sense/hci_mem_pool.o
 .bss.m_rx_buffer_queue
                0x2000c348       0x1c _build/build-feather_nrf52840_sense/hci_mem_pool.o
 .bss.m_current_state
                0x2000c364        0x1 _build/build-feather_nrf52840_sense/hci_slip.o
 *fill*         0x2000c365        0x3 
 .bss.m_rx_buffer_length
                0x2000c368        0x4 _build/build-feather_nrf52840_sense/hci_slip.o
 .bss.m_rx_received_count
                0x2000c36c        0x4 _build/build-feather_nrf52840_sense/hci_slip.o
 .bss.m_slip_event_handler
                0x2000c370        0x4 _build/build-feather_nrf52840_sense/hci_slip.o
 .bss.m_tx_buffer_index
                0x2000c374        0x4 _build/build-feather_nrf52840_sense/hci_slip.o
 .bss.m_tx_buffer_length
                0x2000c378        0x4 _build/build-feather_nrf52840_sense/hci_slip.o
 .bss.mp_rx_buffer
                0x2000c37c        0x4 _build/build-feather_nrf52840_sense/hci_slip.o
 .bss.mp_tx_buffer
                0x2000c380        0x4 _build/build-feather_nrf52840_sense/hci_slip.o
 .bss.ack_packet.0
                0x2000c384        0x4 _build/build-feather_nrf52840_sense/hci_transport.o
 .bss.m_app_timer_id_data
                0x2000c388       0x20 _build/build-feather_nrf52840_sense/hci_transport.o
 .bss.m_is_slip_decode_ready
                0x2000c3a8        0x1 _build/build-feather_nrf52840_sense/hci_transport.o
 *fill*         0x2000c3a9        0x3 
 .bss.m_packet_expected_seq_number
                0x2000c3ac        0x4 _build/build-feather_nrf52840_sense/hci_transport.o
 .bss.m_packet_transmit_seq_number
                0x2000c3b0        0x4 _build/build-feather_nrf52840_sense/hci_transport.o
 .bss.m_rx_ack_buffer
                0x2000c3b4        0x5 _build/build-feather_nrf52840_sense/hci_transport.o
 *fill*         0x2000c3b9        0x3 
 .bss.m_transport_event_handle
                0x2000c3bc        0x4 _build/build-feather_nrf52840_sense/hci_transport.o
 .bss.m_transport_tx_done_handle
                0x2000c3c0        0x4 _build/build-feather_nrf52840_sense/hci_transport.o
 .bss.m_tx_buffer_length
                0x2000c3c4        0x4 _build/build-feather_nrf52840_sense/hci_transport.o
 .bss.m_tx_done_result_code
                0x2000c3c8        0x1 _build/build-feather_nrf52840_sense/hci_transport.o
 *fill*         0x2000c3c9        0x3 
 .bss.m_tx_retry_counter
                0x2000c3cc        0x4 _build/build-feather_nrf52840_sense/hci_transport.o
 .bss.m_tx_state
                0x2000c3d0        0x1 _build/build-feather_nrf52840_sense/hci_transport.o
 *fill*         0x2000c3d1        0x3 
 .bss.mp_slip_used_rx_buffer
                0x2000c3d4        0x4 _build/build-feather_nrf52840_sense/hci_transport.o
 .bss.mp_tx_buffer
                0x2000c3d8        0x4 _build/build-feather_nrf52840_sense/hci_transport.o
 .bss._wr_state
                0x2000c3dc      0x21c _build/build-feather_nrf52840_sense/msc_uf2.o
 .bss._cdc_only
                0x2000c5f8        0x1 _build/build-feather_nrf52840_sense/usb_desc.o
 *fill*         0x2000c5f9        0x1 
 .bss._desc_str
                0x2000c5fa       0x82 _build/build-feather_nrf52840_sense/usb_desc.o
 .bss.desc_str_serial
                0x2000c67c       0x11 _build/build-feather_nrf52840_sense/usb_desc.o
 *fill*         0x2000c68d        0x3 
 .bss._dcd      0x2000c690       0xdc _build/build-feather_nrf52840_sense/dcd_nrf5x.o
 .bss._app_driver
                0x2000c76c        0x4 _build/build-feather_nrf52840_sense/usbd.o
 .bss._app_driver_count
                0x2000c770        0x1 _build/build-feather_nrf52840_sense/usbd.o
 .bss._usbd_dev
                0x2000c771       0x37 _build/build-feather_nrf52840_sense/usbd.o
 .bss._usbd_initialized
                0x2000c7a8        0x1 _build/build-feather_nrf52840_sense/usbd.o
 *fill*         0x2000c7a9        0x3 
 .bss._usbd_q   0x2000c7ac        0x4 _build/build-feather_nrf52840_sense/usbd.o
 .bss._usbd_qdef_buf
                0x2000c7b0       0xc0 _build/build-feather_nrf52840_sense/usbd.o
                0x2000c7b0                _usbd_qdef_buf
 .bss._ctrl_xfer
                0x2000c870       0x14 _build/build-feather_nrf52840_sense/usbd_control.o
 .bss._usbd_ctrl_buf
                0x2000c884       0x40 _build/build-feather_nrf52840_sense/usbd_control.o
 .bss._cdcd_itf
                0x2000c8c4      0x8b8 _build/build-feather_nrf52840_sense/cdc_device.o
 .bss._mscd_buf
                0x2000d17c     0x1000 _build/build-feather_nrf52840_sense/msc_device.o
 .bss._mscd_itf
                0x2000e17c       0x40 _build/build-feather_nrf52840_sense/msc_device.o
 *(COMMON)
                0x2000e1bc                . = ALIGN (0x4)
                0x2000e1bc                __bss_end__ = .

.heap           0x2000e1c0        0x0
                0x2000e1c0                __HeapBase = .
                0x2000e1c0                __end__ = .
                [!provide]                PROVIDE (end = .)
 *(.heap*)
 .heap          0x2000e1c0        0x0 _build/build-feather_nrf52840_sense/gcc_startup_nrf52840.o
                0x2000e1c0                __HeapLimit = .

.stack_dummy    0x2000e1c0     0x2000
 *(.stack*)
 .stack         0x2000e1c0     0x2000 _build/build-feather_nrf52840_sense/gcc_startup_nrf52840.o
                0x20040000                __StackTop = (ORIGIN (RAM) + LENGTH (RAM))
                0x2003e000                __StackLimit = (__StackTop - SIZEOF (.stack_dummy))
                0x20040000                PROVIDE (__stack = __StackTop)
                0x00000001                ASSERT ((__StackLimit >= __HeapLimit), region RAM overflowed with stack)
                0x000006c4                DataInitFlashUsed = (__bss_start__ - __data_start__)
                0x00007c38                CodeFlashUsed = (__etext - ORIGIN (FLASH))
                0x000082fc                TotalFlashUsed = (CodeFlashUsed + DataInitFlashUsed)
                0x00000001                ASSERT ((TotalFlashUsed <= LENGTH (FLASH)), region FLASH overflowed with .data and user data)
LOAD _build/build-feather_nrf52840_sense/dfu_ble_svc.o
LOAD _build/build-feather_nrf52840_sense/dfu_init.o
LOAD _build/build-feather_nrf52840_sense/flash_nrf5x.o
LOAD _build/build-feather_nrf52840_sense/main.o
LOAD _build/build-feather_nrf52840_sense/screen.o
LOAD _build/build-feather_nrf52840_sense/images.o
LOAD _build/build-feather_nrf52840_sense/boards.o
LOAD _build/build-feather_nrf52840_sense/nrfx_power.o
LOAD _build/build-feather_nrf52840_sense/nrfx_nvmc.o
LOAD _build/build-feather_nrf52840_sense/system_nrf52840.o
LOAD _build/build-feather_nrf52840_sense/bootloader.o
LOAD _build/build-feather_nrf52840_sense/bootloader_settings.o
LOAD _build/build-feather_nrf52840_sense/bootloader_util.o
LOAD _build/build-feather_nrf52840_sense/dfu_transport_serial.o
LOAD _build/build-feather_nrf52840_sense/dfu_transport_ble.o
LOAD _build/build-feather_nrf52840_sense/dfu_single_bank.o
LOAD _build/build-feather_nrf52840_sense/ble_dfu.o
LOAD _build/build-feather_nrf52840_sense/ble_dis.o
LOAD _build/build-feather_nrf52840_sense/pstorage_raw.o
LOAD _build/build-feather_nrf52840_sense/app_timer.o
LOAD _build/build-feather_nrf52840_sense/app_scheduler.o
LOAD _build/build-feather_nrf52840_sense/app_error.o
LOAD _build/build-feather_nrf52840_sense/app_util_platform.o
LOAD _build/build-feather_nrf52840_sense/crc16.o
LOAD _build/build-feather_nrf52840_sense/hci_mem_pool.o
LOAD _build/build-feather_nrf52840_sense/hci_slip.o
LOAD _build/build-feather_nrf52840_sense/hci_transport.o
LOAD _build/build-feather_nrf52840_sense/nrf_assert.o
LOAD _build/build-feather_nrf52840_sense/pinconfig.o
LOAD _build/build-feather_nrf52840_sense/msc_uf2.o
LOAD _build/build-feather_nrf52840_sense/usb_desc.o
LOAD _build/build-feather_nrf52840_sense/usb.o
LOAD _build/build-feather_nrf52840_sense/ghostfat.o
LOAD _build/build-feather_nrf52840_sense/dcd_nrf5x.o
LOAD _build/build-feather_nrf52840_sense/tusb_fifo.o
LOAD _build/build-feather_nrf52840_sense/usbd.o
LOAD _build/build-feather_nrf52840_sense/usbd_control.o
LOAD _build/build-feather_nrf52840_sense/cdc_device.o
LOAD _build/build-feather_nrf52840_sense/msc_device.o
LOAD _build/build-feather_nrf52840_sense/tusb.o
LOAD _build/build-feather_nrf52840_sense/gcc_startup_nrf52840.o
START GROUP
LOAD c:/program files (x86)/gnu arm embedded toolchain/10 2021.10/bin/../lib/gcc/arm-none-eabi/10.3.1/../../../../arm-none-eabi/lib/thumb/v7e-m+fp/hard\libm.a
LOAD c:/program files (x86)/gnu arm embedded toolchain/10 2021.10/bin/../lib/gcc/arm-none-eabi/10.3.1/../../../../arm-none-eabi/lib/thumb/v7e-m+fp/hard\libc_nano.a
END GROUP
START GROUP
LOAD c:/program files (x86)/gnu arm embedded toolchain/10 2021.10/bin/../lib/gcc/arm-none-eabi/10.3.1/thumb/v7e-m+fp/hard\libgcc.a
LOAD c:/program files (x86)/gnu arm embedded toolchain/10 2021.10/bin/../lib/gcc/arm-none-eabi/10.3.1/../../../../arm-none-eabi/lib/thumb/v7e-m+fp/hard\libg_nano.a
LOAD c:/program files (x86)/gnu arm embedded toolchain/10 2021.10/bin/../lib/gcc/arm-none-eabi/10.3.1/../../../../arm-none-eabi/lib/thumb/v7e-m+fp/hard\libc_nano.a
END GROUP
START GROUP
LOAD c:/program files (x86)/gnu arm embedded toolchain/10 2021.10/bin/../lib/gcc/arm-none-eabi/10.3.1/thumb/v7e-m+fp/hard\libgcc.a
LOAD c:/program files (x86)/gnu arm embedded toolchain/10 2021.10/bin/../lib/gcc/arm-none-eabi/10.3.1/../../../../arm-none-eabi/lib/thumb/v7e-m+fp/hard\libc_nano.a
LOAD c:/program files (x86)/gnu arm embedded toolchain/10 2021.10/bin/../lib/gcc/arm-none-eabi/10.3.1/../../../../arm-none-eabi/lib/thumb/v7e-m+fp/hard\libnosys.a
END GROUP
START GROUP
LOAD c:/program files (x86)/gnu arm embedded toolchain/10 2021.10/bin/../lib/gcc/arm-none-eabi/10.3.1/thumb/v7e-m+fp/hard\libgcc.a
LOAD c:/program files (x86)/gnu arm embedded toolchain/10 2021.10/bin/../lib/gcc/arm-none-eabi/10.3.1/../../../../arm-none-eabi/lib/thumb/v7e-m+fp/hard\libc_nano.a
LOAD c:/program files (x86)/gnu arm embedded toolchain/10 2021.10/bin/../lib/gcc/arm-none-eabi/10.3.1/../../../../arm-none-eabi/lib/thumb/v7e-m+fp/hard\libnosys.a
END GROUP
LOAD c:/program files (x86)/gnu arm embedded toolchain/10 2021.10/bin/../lib/gcc/arm-none-eabi/10.3.1/thumb/v7e-m+fp/hard/crtend.o
LOAD c:/program files (x86)/gnu arm embedded toolchain/10 2021.10/bin/../lib/gcc/arm-none-eabi/10.3.1/thumb/v7e-m+fp/hard/crtn.o
OUTPUT(_build/build-feather_nrf52840_sense/feather_nrf52840_sense_bootloader-0.9.2-29-g6a9a6a3.out elf32-littlearm)
LOAD linker stubs

.ARM.attributes
                0x00000000       0x30
 .ARM.attributes
                0x00000000       0x1e c:/program files (x86)/gnu arm embedded toolchain/10 2021.10/bin/../lib/gcc/arm-none-eabi/10.3.1/thumb/v7e-m+fp/hard/crti.o
 .ARM.attributes
                0x0000001e       0x34 c:/program files (x86)/gnu arm embedded toolchain/10 2021.10/bin/../lib/gcc/arm-none-eabi/10.3.1/thumb/v7e-m+fp/hard/crtbegin.o
 .ARM.attributes