src/cmsis/include/core_cm4.h:1790:22:NVIC_SystemReset	0	static
lib/softdevice/s140_nrf52_6.1.1/s140_nrf52_6.1.1_API/include/nrf_soc.h:900:1:sd_evt_get	0	static
lib/softdevice/s140_nrf52_6.1.1/s140_nrf52_6.1.1_API/include/nrf_sdm.h:322:1:sd_softdevice_enable	0	static
lib/softdevice/s140_nrf52_6.1.1/s140_nrf52_6.1.1_API/include/nrf_sdm.h:338:1:sd_softdevice_disable	0	static
lib/softdevice/s140_nrf52_6.1.1/s140_nrf52_6.1.1_API/include/nrf_sdm.h:346:1:sd_softdevice_is_enabled	0	static
lib/softdevice/s140_nrf52_6.1.1/s140_nrf52_6.1.1_API/include/nrf_sdm.h:356:1:sd_softdevice_vector_table_base_set	0	static
lib/softdevice/s140_nrf52_6.1.1/s140_nrf52_6.1.1_API/include/nrf52/nrf_mbr.h:257:1:sd_mbr_command	0	static
lib/softdevice/s140_nrf52_6.1.1/s140_nrf52_6.1.1_API/include/ble.h:435:1:sd_ble_enable	0	static
lib/softdevice/s140_nrf52_6.1.1/s140_nrf52_6.1.1_API/include/ble.h:471:1:sd_ble_cfg_set	0	static
lib/softdevice/s140_nrf52_6.1.1/s140_nrf52_6.1.1_API/include/ble.h:509:1:sd_ble_evt_get	0	static
src/main.c:154:13:mbr_init_sd	24	static
src/main.c:161:13:disable_softdevice	16	static
src/main.c:395:6:app_error_fault_handler	8	static
src/main.c:145:6:is_ota	0	static
src/main.c:172:5:main	40	static
src/main.c:401:6:assert_nrf_callback	8	static
src/main.c:410:10:proc_ble	64	static
src/main.c:447:10:proc_soc	16	static
src/main.c:467:6:proc_sd_task	8	static
src/main.c:477:6:SWI2_EGU2_IRQHandler	0	static
